Component: ARM Compiler 5.06 update 7 (build 960) Tool: armlink [4d3601]

==============================================================================

Section Cross References

    startup_stm32f407xx.o(STACK) refers (Special) to heapauxi.o(.text) for __use_two_region_memory
    startup_stm32f407xx.o(HEAP) refers (Special) to heapauxi.o(.text) for __use_two_region_memory
    startup_stm32f407xx.o(RESET) refers (Special) to heapauxi.o(.text) for __use_two_region_memory
    startup_stm32f407xx.o(RESET) refers to startup_stm32f407xx.o(STACK) for __initial_sp
    startup_stm32f407xx.o(RESET) refers to startup_stm32f407xx.o(.text) for Reset_Handler
    startup_stm32f407xx.o(RESET) refers to stm32f4xx_it.o(i.NMI_Handler) for NMI_Handler
    startup_stm32f407xx.o(RESET) refers to stm32f4xx_it.o(i.HardFault_Handler) for HardFault_Handler
    startup_stm32f407xx.o(RESET) refers to stm32f4xx_it.o(i.MemManage_Handler) for MemManage_Handler
    startup_stm32f407xx.o(RESET) refers to stm32f4xx_it.o(i.BusFault_Handler) for BusFault_Handler
    startup_stm32f407xx.o(RESET) refers to stm32f4xx_it.o(i.UsageFault_Handler) for UsageFault_Handler
    startup_stm32f407xx.o(RESET) refers to stm32f4xx_it.o(i.SVC_Handler) for SVC_Handler
    startup_stm32f407xx.o(RESET) refers to stm32f4xx_it.o(i.DebugMon_Handler) for DebugMon_Handler
    startup_stm32f407xx.o(RESET) refers to stm32f4xx_it.o(i.PendSV_Handler) for PendSV_Handler
    startup_stm32f407xx.o(RESET) refers to stm32f4xx_it.o(i.SysTick_Handler) for SysTick_Handler
    startup_stm32f407xx.o(RESET) refers to stm32f4xx_it.o(i.TIM1_CC_IRQHandler) for TIM1_CC_IRQHandler
    startup_stm32f407xx.o(RESET) refers to stm32f4xx_it.o(i.TIM2_IRQHandler) for TIM2_IRQHandler
    startup_stm32f407xx.o(RESET) refers to stm32f4xx_it.o(i.TIM3_IRQHandler) for TIM3_IRQHandler
    startup_stm32f407xx.o(RESET) refers to stm32f4xx_it.o(i.TIM4_IRQHandler) for TIM4_IRQHandler
    startup_stm32f407xx.o(RESET) refers to stm32f4xx_it.o(i.TIM5_IRQHandler) for TIM5_IRQHandler
    startup_stm32f407xx.o(RESET) refers to stm32f4xx_it.o(i.TIM6_DAC_IRQHandler) for TIM6_DAC_IRQHandler
    startup_stm32f407xx.o(RESET) refers to stm32f4xx_it.o(i.DMA2_Stream1_IRQHandler) for DMA2_Stream1_IRQHandler
    startup_stm32f407xx.o(RESET) refers to stm32f4xx_it.o(i.DMA2_Stream6_IRQHandler) for DMA2_Stream6_IRQHandler
    startup_stm32f407xx.o(RESET) refers to stm32f4xx_it.o(i.USART6_IRQHandler) for USART6_IRQHandler
    startup_stm32f407xx.o(.text) refers (Special) to heapauxi.o(.text) for __use_two_region_memory
    startup_stm32f407xx.o(.text) refers to system_stm32f4xx.o(i.SystemInit) for SystemInit
    startup_stm32f407xx.o(.text) refers to __main.o(!!!main) for __main
    startup_stm32f407xx.o(.text) refers to startup_stm32f407xx.o(HEAP) for Heap_Mem
    startup_stm32f407xx.o(.text) refers to startup_stm32f407xx.o(STACK) for Stack_Mem
    fuzzy.o(i.FuzzyPid_ControlPwm_L) refers to fuzzy.o(i.FuzzyPid_Out) for FuzzyPid_Out
    fuzzy.o(i.FuzzyPid_ControlPwm_L) refers to fuzzy.o(i.motor_Fuzzypid_control_L) for motor_Fuzzypid_control_L
    fuzzy.o(i.FuzzyPid_ControlPwm_L) refers to main.o(.data) for my_speed_L
    fuzzy.o(i.FuzzyPid_ControlPwm_R) refers to fuzzy.o(i.FuzzyPid_Out) for FuzzyPid_Out
    fuzzy.o(i.FuzzyPid_ControlPwm_R) refers to fuzzy.o(i.motor_Fuzzypid_control_R) for motor_Fuzzypid_control_R
    fuzzy.o(i.FuzzyPid_ControlPwm_R) refers to main.o(.data) for my_speed_R
    fuzzy.o(i.FuzzyPid_Out) refers to fuzzy.o(i.fuzzy) for fuzzy
    fuzzy.o(i.FuzzyPid_Out) refers to fuzzy.o(.data) for .data
    fuzzy.o(i.fuzzy) refers to d2f.o(x$fpl$d2f) for __aeabi_d2f
    fuzzy.o(i.fuzzy) refers to f2d.o(x$fpl$f2d) for __aeabi_f2d
    fuzzy.o(i.fuzzy) refers to daddsub_clz.o(x$fpl$dsub) for __aeabi_dsub
    fuzzy.o(i.fuzzy) refers to daddsub_clz.o(x$fpl$dadd) for __aeabi_dadd
    fuzzy.o(i.fuzzy) refers to dfix.o(x$fpl$dfix) for __aeabi_d2iz
    fuzzy.o(i.fuzzy) refers to fuzzy.o(.constdata) for .constdata
    fuzzy.o(i.motor_Fuzzypid_control_L) refers to stm32f4xx_hal_gpio.o(i.HAL_GPIO_WritePin) for HAL_GPIO_WritePin
    fuzzy.o(i.motor_Fuzzypid_control_L) refers to fuzzy.o(.data) for .data
    fuzzy.o(i.motor_Fuzzypid_control_R) refers to stm32f4xx_hal_gpio.o(i.HAL_GPIO_WritePin) for HAL_GPIO_WritePin
    fuzzy.o(i.motor_Fuzzypid_control_R) refers to fuzzy.o(.data) for .data
    fuzzy.o(i.motor_init) refers to stm32f4xx_hal_tim.o(i.HAL_TIM_Encoder_Start) for HAL_TIM_Encoder_Start
    fuzzy.o(i.motor_init) refers to stm32f4xx_hal_tim.o(i.HAL_TIM_PWM_Start) for HAL_TIM_PWM_Start
    fuzzy.o(i.motor_init) refers to tim.o(.bss) for htim2
    my_pwm.o(i.Servomotor_Init) refers to stm32f4xx_hal_tim.o(i.HAL_TIM_PWM_Start) for HAL_TIM_PWM_Start
    my_pwm.o(i.Servomotor_Init) refers to my_pwm.o(i.Set_SG90_angle) for Set_SG90_angle
    my_pwm.o(i.Servomotor_Init) refers to tim.o(.bss) for htim4
    my_pwm.o(i.Set_SG90_angle) refers to dflt_clz.o(x$fpl$dfltu) for __aeabi_ui2d
[...]
    .ARM.Collect$$libinit$$00000004          0x08000202   Section        0  libinit2.o(.ARM.Collect$$libinit$$00000004)
    .ARM.Collect$$libinit$$0000000A          0x08000202   Section        0  libinit2.o(.ARM.Collect$$libinit$$0000000A)
    .ARM.Collect$$libinit$$0000000C          0x08000202   Section        0  libinit2.o(.ARM.Collect$$libinit$$0000000C)
    .ARM.Collect$$libinit$$0000000E          0x08000202   Section        0  libinit2.o(.ARM.Collect$$libinit$$0000000E)
    .ARM.Collect$$libinit$$00000011          0x08000202   Section        0  libinit2.o(.ARM.Collect$$libinit$$00000011)
    .ARM.Collect$$libinit$$00000013          0x08000202   Section        0  libinit2.o(.ARM.Collect$$libinit$$00000013)
    .ARM.Collect$$libinit$$00000015          0x08000202   Section        0  libinit2.o(.ARM.Collect$$libinit$$00000015)
    .ARM.Collect$$libinit$$00000017          0x08000202   Section        0  libinit2.o(.ARM.Collect$$libinit$$00000017)
    .ARM.Collect$$libinit$$00000019          0x08000202   Section        0  libinit2.o(.ARM.Collect$$libinit$$00000019)
    .ARM.Collect$$libinit$$0000001B          0x08000202   Section        0  libinit2.o(.ARM.Collect$$libinit$$0000001B)
    .ARM.Collect$$libinit$$0000001D          0x08000202   Section        0  libinit2.o(.ARM.Collect$$libinit$$0000001D)
    .ARM.Collect$$libinit$$0000001F          0x08000202   Section        0  libinit2.o(.ARM.Collect$$libinit$$0000001F)
    .ARM.Collect$$libinit$$00000021          0x08000202   Section        0  libinit2.o(.ARM.Collect$$libinit$$00000021)
    .ARM.Collect$$libinit$$00000023          0x08000202   Section        0  libinit2.o(.ARM.Collect$$libinit$$00000023)
    .ARM.Collect$$libinit$$00000025          0x08000202   Section        0  libinit2.o(.ARM.Collect$$libinit$$00000025)
    .ARM.Collect$$libinit$$0000002C          0x08000202   Section        0  libinit2.o(.ARM.Collect$$libinit$$0000002C)
    .ARM.Collect$$libinit$$0000002E          0x08000202   Section        0  libinit2.o(.ARM.Collect$$libinit$$0000002E)
    .ARM.Collect$$libinit$$00000030          0x08000202   Section        0  libinit2.o(.ARM.Collect$$libinit$$00000030)
    .ARM.Collect$$libinit$$00000032          0x08000202   Section        0  libinit2.o(.ARM.Collect$$libinit$$00000032)
    .ARM.Collect$$libinit$$00000033          0x08000202   Section        2  libinit2.o(.ARM.Collect$$libinit$$00000033)
    .ARM.Collect$$libshutdown$$00000000      0x08000204   Section        2  libshutdown.o(.ARM.Collect$$libshutdown$$00000000)
    .ARM.Collect$$libshutdown$$00000002      0x08000206   Section        0  libshutdown2.o(.ARM.Collect$$libshutdown$$00000002)
    .ARM.Collect$$libshutdown$$00000004      0x08000206   Section        0  libshutdown2.o(.ARM.Collect$$libshutdown$$00000004)
    .ARM.Collect$$libshutdown$$00000006      0x08000206   Section        0  libshutdown2.o(.ARM.Collect$$libshutdown$$00000006)
    .ARM.Collect$$libshutdown$$00000009      0x08000206   Section        0  libshutdown2.o(.ARM.Collect$$libshutdown$$00000009)
    .ARM.Collect$$libshutdown$$0000000C      0x08000206   Section        0  libshutdown2.o(.ARM.Collect$$libshutdown$$0000000C)
    .ARM.Collect$$libshutdown$$0000000E      0x08000206   Section        0  libshutdown2.o(.ARM.Collect$$libshutdown$$0000000E)
    .ARM.Collect$$libshutdown$$00000011      0x08000206   Section        0  libshutdown2.o(.ARM.Collect$$libshutdown$$00000011)
    .ARM.Collect$$libshutdown$$00000012      0x08000206   Section        2  libshutdown2.o(.ARM.Collect$$libshutdown$$00000012)
    .ARM.Collect$$rtentry$$00000000          0x08000208   Section        0  __rtentry.o(.ARM.Collect$$rtentry$$00000000)
    .ARM.Collect$$rtentry$$00000002          0x08000208   Section        0  __rtentry2.o(.ARM.Collect$$rtentry$$00000002)
    .ARM.Collect$$rtentry$$00000004          0x08000208   Section        6  __rtentry4.o(.ARM.Collect$$rtentry$$00000004)
    .ARM.Collect$$rtentry$$00000009          0x0800020e   Section        0  __rtentry2.o(.ARM.Collect$$rtentry$$00000009)
    .ARM.Collect$$rtentry$$0000000A          0x0800020e   Section        4  __rtentry2.o(.ARM.Collect$$rtentry$$0000000A)
    .ARM.Collect$$rtentry$$0000000C          0x08000212   Section        0  __rtentry2.o(.ARM.Collect$$rtentry$$0000000C)
    .ARM.Collect$$rtentry$$0000000D          0x08000212   Section        8  __rtentry2.o(.ARM.Collect$$rtentry$$0000000D)
    .ARM.Collect$$rtexit$$00000000           0x0800021a   Section        2  rtexit.o(.ARM.Collect$$rtexit$$00000000)
    .ARM.Collect$$rtexit$$00000002           0x0800021c   Section        0  rtexit2.o(.ARM.Collect$$rtexit$$00000002)
    .ARM.Collect$$rtexit$$00000003           0x0800021c   Section        4  rtexit2.o(.ARM.Collect$$rtexit$$00000003)
    .ARM.Collect$$rtexit$$00000004           0x08000220   Section        6  rtexit2.o(.ARM.Collect$$rtexit$$00000004)
    .text                                    0x08000228   Section       64  startup_stm32f407xx.o(.text)
    $v0                                      0x08000228   Number         0  startup_stm32f407xx.o(.text)
    .text                                    0x08000268   Section      238  lludivv7m.o(.text)
    .text                                    0x08000356   Section       78  rt_memclr_w.o(.text)
    .text                                    0x080003a4   Section        0  heapauxi.o(.text)
    .text                                    0x080003aa   Section       74  sys_stackheap_outer.o(.text)
    .text                                    0x080003f4   Section        0  exit.o(.text)
    .text                                    0x08000408   Section        8  libspace.o(.text)
    .text                                    0x08000410   Section        0  sys_exit.o(.text)
    .text                                    0x0800041c   Section        2  use_no_semi.o(.text)
    .text                                    0x0800041e   Section        0  indicate_semi.o(.text)
    i.BusFault_Handler                       0x0800041e   Section        0  stm32f4xx_it.o(i.BusFault_Handler)
    i.DMA2_Stream1_IRQHandler                0x08000420   Section        0  stm32f4xx_it.o(i.DMA2_Stream1_IRQHandler)
    i.DMA2_Stream6_IRQHandler                0x0800042c   Section        0  stm32f4xx_it.o(i.DMA2_Stream6_IRQHandler)
    i.DMA_CalcBaseAndBitshift                0x08000438   Section        0  stm32f4xx_hal_dma.o(i.DMA_CalcBaseAndBitshift)
    DMA_CalcBaseAndBitshift                  0x08000439   Thumb Code    34  stm32f4xx_hal_dma.o(i.DMA_CalcBaseAndBitshift)
    i.DMA_CheckFifoParam                     0x08000460   Section        0  stm32f4xx_hal_dma.o(i.DMA_CheckFifoParam)
    DMA_CheckFifoParam                       0x08000461   Thumb Code    84  stm32f4xx_hal_dma.o(i.DMA_CheckFifoParam)
    i.DMA_SetConfig                          0x080004b4   Section        0  stm32f4xx_hal_dma.o(i.DMA_SetConfig)
    DMA_SetConfig                            0x080004b5   Thumb Code    40  stm32f4xx_hal_dma.o(i.DMA_SetConfig)
    i.DebugMon_Handler                       0x080004dc   Section        0  stm32f4xx_it.o(i.DebugMon_Handler)
    i.Error_Handler                          0x080004de   Section        0  main.o(i.Error_Handler)
    i.FuzzyPid_Out                           0x080004e4   Section        0  fuzzy.o(i.FuzzyPid_Out)
    i.HAL_DMA_Abort                          0x08000560   Section        0  stm32f4xx_hal_dma.o(i.HAL_DMA_Abort)
    i.HAL_DMA_Abort_IT                       0x080005f2   Section        0  stm32f4xx_hal_dma.o(i.HAL_DMA_Abort_IT)
    i.HAL_DMA_IRQHandler                     0x08000618   Section        0  stm32f4xx_hal_dma.o(i.HAL_DMA_IRQHandler)
    i.HAL_DMA_Init                           0x080007b8   Section        0  stm32f4xx_hal_dma.o(i.HAL_DMA_Init)
    i.HAL_DMA_Start_IT                       0x0800088c   Section        0  stm32f4xx_hal_dma.o(i.HAL_DMA_Start_IT)
    i.HAL_GPIO_Init                          0x080008fc   Section        0  stm32f4xx_hal_gpio.o(i.HAL_GPIO_Init)
    i.HAL_GPIO_WritePin                      0x08000aec   Section        0  stm32f4xx_hal_gpio.o(i.HAL_GPIO_WritePin)
    i.HAL_GetTick                            0x08000af8   Section        0  stm32f4xx_hal.o(i.HAL_GetTick)
    i.HAL_IncTick                            0x08000b04   Section        0  stm32f4xx_hal.o(i.HAL_IncTick)
    i.HAL_Init                               0x08000b14   Section        0  stm32f4xx_hal.o(i.HAL_Init)
    i.HAL_InitTick                           0x08000b48   Section        0  stm32f4xx_hal.o(i.HAL_InitTick)
    i.HAL_MspInit                            0x08000b88   Section        0  stm32f4xx_hal_msp.o(i.HAL_MspInit)
    i.HAL_NVIC_EnableIRQ                     0x08000bb8   Section        0  stm32f4xx_hal_cortex.o(i.HAL_NVIC_EnableIRQ)
    i.HAL_NVIC_SetPriority                   0x08000bd4   Section        0  stm32f4xx_hal_cortex.o(i.HAL_NVIC_SetPriority)
    i.HAL_NVIC_SetPriorityGrouping           0x08000c14   Section        0  stm32f4xx_hal_cortex.o(i.HAL_NVIC_SetPriorityGrouping)
    i.HAL_RCC_ClockConfig                    0x08000c38   Section        0  stm32f4xx_hal_rcc.o(i.HAL_RCC_ClockConfig)
    i.HAL_RCC_GetPCLK1Freq                   0x08000d6c   Section        0  stm32f4xx_hal_rcc.o(i.HAL_RCC_GetPCLK1Freq)
    i.HAL_RCC_GetPCLK2Freq                   0x08000d8c   Section        0  stm32f4xx_hal_rcc.o(i.HAL_RCC_GetPCLK2Freq)
    i.HAL_RCC_GetSysClockFreq                0x08000dac   Section        0  stm32f4xx_hal_rcc.o(i.HAL_RCC_GetSysClockFreq)
    i.HAL_RCC_OscConfig                      0x08000e0c   Section        0  stm32f4xx_hal_rcc.o(i.HAL_RCC_OscConfig)
    i.HAL_SYSTICK_Config                     0x08001178   Section        0  stm32f4xx_hal_cortex.o(i.HAL_SYSTICK_Config)
    i.HAL_TIMEx_BreakCallback                0x080011a0   Section        0  stm32f4xx_hal_tim_ex.o(i.HAL_TIMEx_BreakCallback)
    i.HAL_TIMEx_CommutCallback               0x080011a2   Section        0  stm32f4xx_hal_tim_ex.o(i.HAL_TIMEx_CommutCallback)
    i.HAL_TIMEx_ConfigBreakDeadTime          0x080011a4   Section        0  stm32f4xx_hal_tim_ex.o(i.HAL_TIMEx_ConfigBreakDeadTime)
    i.HAL_TIMEx_MasterConfigSynchronization  0x080011f8   Section        0  stm32f4xx_hal_tim_ex.o(i.HAL_TIMEx_MasterConfigSynchronization)
    i.HAL_TIM_Base_Init                      0x08001288   Section        0  stm32f4xx_hal_tim.o(i.HAL_TIM_Base_Init)
    i.HAL_TIM_Base_MspInit                   0x080012e4   Section        0  tim.o(i.HAL_TIM_Base_MspInit)
    i.HAL_TIM_Base_Start_IT                  0x0800139c   Section        0  stm32f4xx_hal_tim.o(i.HAL_TIM_Base_Start_IT)
    i.HAL_TIM_ConfigClockSource              0x0800141c   Section        0  stm32f4xx_hal_tim.o(i.HAL_TIM_ConfigClockSource)
    i.HAL_TIM_Encoder_Init                   0x080014f8   Section        0  stm32f4xx_hal_tim.o(i.HAL_TIM_Encoder_Init)
    i.HAL_TIM_Encoder_MspInit                0x0800159c   Section        0  tim.o(i.HAL_TIM_Encoder_MspInit)
    i.HAL_TIM_Encoder_Start                  0x08001684   Section        0  stm32f4xx_hal_tim.o(i.HAL_TIM_Encoder_Start)
    i.HAL_TIM_IC_CaptureCallback             0x08001712   Section        0  stm32f4xx_hal_tim.o(i.HAL_TIM_IC_CaptureCallback)
    i.HAL_TIM_IRQHandler                     0x08001714   Section        0  stm32f4xx_hal_tim.o(i.HAL_TIM_IRQHandler)
    i.HAL_TIM_MspPostInit                    0x0800187c   Section        0  tim.o(i.HAL_TIM_MspPostInit)
    i.HAL_TIM_OC_DelayElapsedCallback        0x08001934   Section        0  stm32f4xx_hal_tim.o(i.HAL_TIM_OC_DelayElapsedCallback)
    i.HAL_TIM_PWM_ConfigChannel              0x08001936   Section        0  stm32f4xx_hal_tim.o(i.HAL_TIM_PWM_ConfigChannel)
    i.HAL_TIM_PWM_Init                       0x08001a02   Section        0  stm32f4xx_hal_tim.o(i.HAL_TIM_PWM_Init)
    i.HAL_TIM_PWM_MspInit                    0x08001a5c   Section        0  stm32f4xx_hal_tim.o(i.HAL_TIM_PWM_MspInit)
    i.HAL_TIM_PWM_PulseFinishedCallback      0x08001a5e   Section        0  stm32f4xx_hal_tim.o(i.HAL_TIM_PWM_PulseFinishedCallback)
    i.HAL_TIM_PWM_Start                      0x08001a60   Section        0  stm32f4xx_hal_tim.o(i.HAL_TIM_PWM_Start)
    i.HAL_TIM_PeriodElapsedCallback          0x08001b28   Section        0  stm32f4xx_it.o(i.HAL_TIM_PeriodElapsedCallback)
    i.HAL_TIM_TriggerCallback                0x08001c20   Section        0  stm32f4xx_hal_tim.o(i.HAL_TIM_TriggerCallback)
    i.HAL_UARTEx_RxEventCallback             0x08001c22   Section        0  stm32f4xx_hal_uart.o(i.HAL_UARTEx_RxEventCallback)
    i.HAL_UART_ErrorCallback                 0x08001c24   Section        0  stm32f4xx_hal_uart.o(i.HAL_UART_ErrorCallback)
    i.HAL_UART_IRQHandler                    0x08001c28   Section        0  stm32f4xx_hal_uart.o(i.HAL_UART_IRQHandler)
    i.HAL_UART_Init                          0x08001e90   Section        0  stm32f4xx_hal_uart.o(i.HAL_UART_Init)
    i.HAL_UART_MspInit                       0x08001ef4   Section        0  usart.o(i.HAL_UART_MspInit)
    i.HAL_UART_Receive_DMA                   0x08001fdc   Section        0  stm32f4xx_hal_uart.o(i.HAL_UART_Receive_DMA)
    i.HAL_UART_RxCpltCallback                0x08002006   Section        0  stm32f4xx_hal_uart.o(i.HAL_UART_RxCpltCallback)
    i.HAL_UART_RxHalfCpltCallback            0x08002008   Section        0  stm32f4xx_hal_uart.o(i.HAL_UART_RxHalfCpltCallback)
    i.HAL_UART_TxCpltCallback                0x0800200a   Section        0  stm32f4xx_hal_uart.o(i.HAL_UART_TxCpltCallback)
    i.HardFault_Handler                      0x0800200c   Section        0  stm32f4xx_it.o(i.HardFault_Handler)
    i.MX_DMA_Init                            0x08002010   Section        0  dma.o(i.MX_DMA_Init)
    i.MX_GPIO_Init                           0x0800204c   Section        0  gpio.o(i.MX_GPIO_Init)
    i.MX_TIM1_Init                           0x0800210c   Section        0  tim.o(i.MX_TIM1_Init)
    i.MX_TIM2_Init                           0x080021e4   Section        0  tim.o(i.MX_TIM2_Init)
    i.MX_TIM3_Init                           0x08002248   Section        0  tim.o(i.MX_TIM3_Init)
    i.MX_TIM4_Init                           0x080022b0   Section        0  tim.o(i.MX_TIM4_Init)
    i.MX_TIM5_Init                           0x0800237c   Section        0  tim.o(i.MX_TIM5_Init)
    i.MX_TIM6_Init                           0x08002428   Section        0  tim.o(i.MX_TIM6_Init)
    i.MX_USART6_UART_Init                    0x0800246c   Section        0  usart.o(i.MX_USART6_UART_Init)
    i.MemManage_Handler                      0x080024bc   Section        0  stm32f4xx_it.o(i.MemManage_Handler)
    i.NMI_Handler                            0x080024be   Section        0  stm32f4xx_it.o(i.NMI_Handler)
    i.PendSV_Handler                         0x080024c0   Section        0  stm32f4xx_it.o(i.PendSV_Handler)
    i.Read_TIM2_Code                         0x080024c2   Section        0  fuzzy.o(i.Read_TIM2_Code)
    i.Read_TIM3_Code                         0x080024d0   Section        0  fuzzy.o(i.Read_TIM3_Code)
    i.SVC_Handler                            0x080024e0   Section        0  stm32f4xx_it.o(i.SVC_Handler)
    i.Servomotor_Init                        0x080024e4   Section        0  my_pwm.o(i.Servomotor_Init)
    i.Set_SG90_angle                         0x08002578   Section        0  my_pwm.o(i.Set_SG90_angle)
    i.SysTick_Handler                        0x08002600   Section        0  stm32f4xx_it.o(i.SysTick_Handler)
    i.SystemClock_Config                     0x08002604   Section        0  main.o(i.SystemClock_Config)
    i.SystemInit                             0x08002694   Section        0  system_stm32f4xx.o(i.SystemInit)
    i.TIM1_CC_IRQHandler                     0x080026a4   Section        0  stm32f4xx_it.o(i.TIM1_CC_IRQHandler)
    i.TIM2_IRQHandler                        0x080026b0   Section        0  stm32f4xx_it.o(i.TIM2_IRQHandler)
    i.TIM3_IRQHandler                        0x080026bc   Section        0  stm32f4xx_it.o(i.TIM3_IRQHandler)
    i.TIM4_IRQHandler                        0x080026c8   Section        0  stm32f4xx_it.o(i.TIM4_IRQHandler)
    i.TIM5_IRQHandler                        0x080026d4   Section        0  stm32f4xx_it.o(i.TIM5_IRQHandler)
    i.TIM6_DAC_IRQHandler                    0x080026e0   Section        0  stm32f4xx_it.o(i.TIM6_DAC_IRQHandler)
    i.TIM_Base_SetConfig                     0x080026ec   Section        0  stm32f4xx_hal_tim.o(i.TIM_Base_SetConfig)
    i.TIM_CCxChannelCmd                      0x080027b4   Section        0  stm32f4xx_hal_tim.o(i.TIM_CCxChannelCmd)
    i.TIM_ETR_SetConfig                      0x080027ce   Section        0  stm32f4xx_hal_tim.o(i.TIM_ETR_SetConfig)
    i.TIM_ITRx_SetConfig                     0x080027e2   Section        0  stm32f4xx_hal_tim.o(i.TIM_ITRx_SetConfig)
    TIM_ITRx_SetConfig                       0x080027e3   Thumb Code    16  stm32f4xx_hal_tim.o(i.TIM_ITRx_SetConfig)
    i.TIM_OC1_SetConfig                      0x080027f4   Section        0  stm32f4xx_hal_tim.o(i.TIM_OC1_SetConfig)
    TIM_OC1_SetConfig                        0x080027f5   Thumb Code    88  stm32f4xx_hal_tim.o(i.TIM_OC1_SetConfig)
    i.TIM_OC2_SetConfig                      0x08002854   Section        0  stm32f4xx_hal_tim.o(i.TIM_OC2_SetConfig)
    i.TIM_OC3_SetConfig                      0x080028c0   Section        0  stm32f4xx_hal_tim.o(i.TIM_OC3_SetConfig)
    TIM_OC3_SetConfig                        0x080028c1   Thumb Code    96  stm32f4xx_hal_tim.o(i.TIM_OC3_SetConfig)
    i.TIM_OC4_SetConfig                      0x08002928   Section        0  stm32f4xx_hal_tim.o(i.TIM_OC4_SetConfig)
    TIM_OC4_SetConfig                        0x08002929   Thumb Code    70  stm32f4xx_hal_tim.o(i.TIM_OC4_SetConfig)
    i.TIM_TI1_ConfigInputStage               0x08002978   Section        0  stm32f4xx_hal_tim.o(i.TIM_TI1_ConfigInputStage)
    TIM_TI1_ConfigInputStage                 0x08002979   Thumb Code    34  stm32f4xx_hal_tim.o(i.TIM_TI1_ConfigInputStage)
    i.TIM_TI2_ConfigInputStage               0x0800299a   Section        0  stm32f4xx_hal_tim.o(i.TIM_TI2_ConfigInputStage)
    TIM_TI2_ConfigInputStage                 0x0800299b   Thumb Code    36  stm32f4xx_hal_tim.o(i.TIM_TI2_ConfigInputStage)
    i.UART_DMAAbortOnError                   0x080029be   Section        0  stm32f4xx_hal_uart.o(i.UART_DMAAbortOnError)
    UART_DMAAbortOnError                     0x080029bf   Thumb Code    16  stm32f4xx_hal_uart.o(i.UART_DMAAbortOnError)
    i.UART_DMAError                          0x080029ce   Section        0  stm32f4xx_hal_uart.o(i.UART_DMAError)
    UART_DMAError                            0x080029cf   Thumb Code    74  stm32f4xx_hal_uart.o(i.UART_DMAError)
    i.UART_DMAReceiveCplt                    0x08002a18   Section        0  stm32f4xx_hal_uart.o(i.UART_DMAReceiveCplt)
    UART_DMAReceiveCplt                      0x08002a19   Thumb Code   130  stm32f4xx_hal_uart.o(i.UART_DMAReceiveCplt)
    i.UART_DMARxHalfCplt                     0x08002a9a   Section        0  stm32f4xx_hal_uart.o(i.UART_DMARxHalfCplt)
    UART_DMARxHalfCplt                       0x08002a9b   Thumb Code    26  stm32f4xx_hal_uart.o(i.UART_DMARxHalfCplt)
    i.UART_EndRxTransfer                     0x08002ab4   Section        0  stm32f4xx_hal_uart.o(i.UART_EndRxTransfer)
    UART_EndRxTransfer                       0x08002ab5   Thumb Code    78  stm32f4xx_hal_uart.o(i.UART_EndRxTransfer)
    i.UART_EndTxTransfer                     0x08002b02   Section        0  stm32f4xx_hal_uart.o(i.UART_EndTxTransfer)
    UART_EndTxTransfer                       0x08002b03   Thumb Code    28  stm32f4xx_hal_uart.o(i.UART_EndTxTransfer)
    i.UART_Receive_IT                        0x08002b1e   Section        0  stm32f4xx_hal_uart.o(i.UART_Receive_IT)
    UART_Receive_IT                          0x08002b1f   Thumb Code   192  stm32f4xx_hal_uart.o(i.UART_Receive_IT)
    i.UART_SetConfig                         0x08002be0   Section        0  stm32f4xx_hal_uart.o(i.UART_SetConfig)
    UART_SetConfig                           0x08002be1   Thumb Code   258  stm32f4xx_hal_uart.o(i.UART_SetConfig)
    i.UART_Start_Receive_DMA                 0x08002cec   Section        0  stm32f4xx_hal_uart.o(i.UART_Start_Receive_DMA)
    i.USART6_IRQHandler                      0x08002d80   Section        0  stm32f4xx_it.o(i.USART6_IRQHandler)
    i.UsageFault_Handler                     0x08002e58   Section        0  stm32f4xx_it.o(i.UsageFault_Handler)
    i.__NVIC_SetPriority                     0x08002e5a   Section        0  stm32f4xx_hal_cortex.o(i.__NVIC_SetPriority)
    __NVIC_SetPriority                       0x08002e5b   Thumb Code    32  stm32f4xx_hal_cortex.o(i.__NVIC_SetPriority)
    i.fuzzy                                  0x08002e7c   Section        0  fuzzy.o(i.fuzzy)
    i.main                                   0x08003260   Section        0  main.o(i.main)
    i.motor_Fuzzypid_control_L               0x08003320   Section        0  fuzzy.o(i.motor_Fuzzypid_control_L)
    i.motor_Fuzzypid_control_R               0x080033ec   Section        0  fuzzy.o(i.motor_Fuzzypid_control_R)
    i.motor_init                             0x080034b8   Section        0  fuzzy.o(i.motor_init)
    i.vision_init                            0x080034ec   Section        0  stm32f4xx_it.o(i.vision_init)
    i.vision_rx_decode                       0x08003554   Section        0  stm32f4xx_it.o(i.vision_rx_decode)
    x$fpl$d2f                                0x08003660   Section       98  d2f.o(x$fpl$d2f)
    $v0                                      0x08003660   Number         0  d2f.o(x$fpl$d2f)
    x$fpl$dadd                               0x080036c4   Section      336  daddsub_clz.o(x$fpl$dadd)
    $v0                                      0x080036c4   Number         0  daddsub_clz.o(x$fpl$dadd)
    _dadd1                                   0x080036d5   Thumb Code     0  daddsub_clz.o(x$fpl$dadd)
    x$fpl$ddiv                               0x08003814   Section      688  ddiv.o(x$fpl$ddiv)
    $v0                                      0x08003814   Number         0  ddiv.o(x$fpl$ddiv)
    ddiv_entry                               0x0800381b   Thumb Code     0  ddiv.o(x$fpl$ddiv)
    x$fpl$dfix                               0x08003ac4   Section       94  dfix.o(x$fpl$dfix)
    $v0                                      0x08003ac4   Number         0  dfix.o(x$fpl$dfix)
    x$fpl$dfixu                              0x08003b24   Section       90  dfixu.o(x$fpl$dfixu)
    $v0                                      0x08003b24   Number         0  dfixu.o(x$fpl$dfixu)
    x$fpl$dflt                               0x08003b7e   Section       46  dflt_clz.o(x$fpl$dflt)
    $v0                                      0x08003b7e   Number         0  dflt_clz.o(x$fpl$dflt)
    x$fpl$dfltu                              0x08003bac   Section       38  dflt_clz.o(x$fpl$dfltu)
    $v0                                      0x08003bac   Number         0  dflt_clz.o(x$fpl$dfltu)
    x$fpl$dmul                               0x08003bd4   Section      340  dmul.o(x$fpl$dmul)
    $v0                                      0x08003bd4   Number         0  dmul.o(x$fpl$dmul)
    x$fpl$dnaninf                            0x08003d28   Section      156  dnaninf.o(x$fpl$dnaninf)
    $v0                                      0x08003d28   Number         0  dnaninf.o(x$fpl$dnaninf)
    x$fpl$dretinf                            0x08003dc4   Section       12  dretinf.o(x$fpl$dretinf)
    $v0                                      0x08003dc4   Number         0  dretinf.o(x$fpl$dretinf)
    x$fpl$dsub                               0x08003dd0   Section      468  daddsub_clz.o(x$fpl$dsub)
    $v0                                      0x08003dd0   Number         0  daddsub_clz.o(x$fpl$dsub)
    _dsub1                                   0x08003de1   Thumb Code     0  daddsub_clz.o(x$fpl$dsub)
    x$fpl$f2d                                0x08003fa4   Section       86  f2d.o(x$fpl$f2d)
    $v0                                      0x08003fa4   Number         0  f2d.o(x$fpl$f2d)
    x$fpl$fnaninf                            0x08003ffa   Section      140  fnaninf.o(x$fpl$fnaninf)
    $v0                                      0x08003ffa   Number         0  fnaninf.o(x$fpl$fnaninf)
    x$fpl$fpinit                             0x08004086   Section       10  fpinit.o(x$fpl$fpinit)
    $v0                                      0x08004086   Number         0  fpinit.o(x$fpl$fpinit)
    x$fpl$fretinf                            0x08004090   Section       10  fretinf.o(x$fpl$fretinf)
    $v0                                      0x08004090   Number         0  fretinf.o(x$fpl$fretinf)
    x$fpl$usenofp                            0x0800409a   Section        0  usenofp.o(x$fpl$usenofp)
    .constdata                               0x0800409c   Section      588  fuzzy.o(.constdata)
    fuzzyRuleKp                              0x0800409c   Data         196  fuzzy.o(.constdata)
    fuzzyRuleKi                              0x08004160   Data         196  fuzzy.o(.constdata)
    fuzzyRuleKd                              0x08004224   Data         196  fuzzy.o(.constdata)
    .constdata                               0x080042e8   Section        8  stm32f4xx_hal_dma.o(.constdata)
    flagBitshiftOffset                       0x080042e8   Data           8  stm32f4xx_hal_dma.o(.constdata)
    .constdata                               0x080042f0   Section       16  system_stm32f4xx.o(.constdata)
    .constdata                               0x08004300   Section        8  system_stm32f4xx.o(.constdata)
    .data                                    0x20000000   Section       24  fuzzy.o(.data)
    sumE                                     0x20000004   Data           4  fuzzy.o(.data)
    lastE                                    0x20000008   Data           4  fuzzy.o(.data)
    pid                                      0x2000000c   Data          12  fuzzy.o(.data)
    .data                                    0x20000018   Section        4  main.o(.data)
    .data                                    0x2000001c   Section        4  main.o(.data)
    .data                                    0x20000020   Section        4  main.o(.data)
    .data                                    0x20000024   Section        4  main.o(.data)
    .data                                    0x20000028   Section       12  main.o(.data)
    .data                                    0x20000034   Section       16  stm32f4xx_it.o(.data)
    this_time_rx_len                         0x20000034   Data           2  stm32f4xx_it.o(.data)
    rx_buffer_used                           0x20000036   Data           3  stm32f4xx_it.o(.data)
    .data                                    0x20000044   Section       12  stm32f4xx_hal.o(.data)
    .data                                    0x20000050   Section        4  system_stm32f4xx.o(.data)
    .bss                                     0x20000054   Section       50  main.o(.bss)
    .bss                                     0x20000088   Section      432  tim.o(.bss)
    .bss                                     0x20000238   Section      260  usart.o(.bss)
    .bss                                     0x2000033c   Section      140  stm32f4xx_it.o(.bss)
    .bss                                     0x200003c8   Section       96  libspace.o(.bss)
    HEAP                                     0x20000428   Section      512  startup_stm32f407xx.o(HEAP)
    Heap_Mem                                 0x20000428   Data         512  startup_stm32f407xx.o(HEAP)
    STACK                                    0x20000628   Section     1024  startup_stm32f407xx.o(STACK)
    Stack_Mem                                0x20000628   Data        1024  startup_stm32f407xx.o(STACK)
    __initial_sp                             0x20000a28   Data           0  startup_stm32f407xx.o(STACK)

    Global Symbols

    Symbol Name                              Value     Ov Type        Size  Object(Section)

    BuildAttributes$$THM_ISAv4$E$P$D$K$B$S$7EM$VFPi3$EXTD16$VFPS$VFMA$PE$A:L22UL41UL21$X:L11$S22US41US21$IEEE1$IW$USESV6$~STKCKD$USESV7$~SHL$OSPACE$ROPI$EBA8$UX$STANDARDLIB$REQ8$PRES8$EABIv2 0x00000000   Number         0  anon$$obj.o ABSOLUTE
    __ARM_use_no_argv                        0x00000000   Number         0  main.o ABSOLUTE
    __ARM_exceptions_init                     - Undefined Weak Reference
    __alloca_initialize                       - Undefined Weak Reference
    __arm_fini_                               - Undefined Weak Reference
    __arm_preinit_                            - Undefined Weak Reference
    __cpp_initialize__aeabi_                  - Undefined Weak Reference
    __cxa_finalize                            - Undefined Weak Reference
    __rt_locale                               - Undefined Weak Reference
    __sigvec_lookup                           - Undefined Weak Reference
    _atexit_init                              - Undefined Weak Reference
    _call_atexit_fns                          - Undefined Weak Reference
    _clock_init                               - Undefined Weak Reference
    _fp_trap_init                             - Undefined Weak Reference
    _fp_trap_shutdown                         - Undefined Weak Reference
    _get_lc_collate                           - Undefined Weak Reference
    _get_lc_ctype                             - Undefined Weak Reference
    _get_lc_monetary                          - Undefined Weak Reference
    _get_lc_numeric                           - Undefined Weak Reference
    _get_lc_time                              - Undefined Weak Reference
    _getenv_init                              - Undefined Weak Reference
    _handle_redirection                       - Undefined Weak Reference
    _init_alloc                               - Undefined Weak Reference
    _init_user_alloc                          - Undefined Weak Reference
    _initio                                   - Undefined Weak Reference
    _rand_init                                - Undefined Weak Reference
    _signal_finish                            - Undefined Weak Reference
    _signal_init                              - Undefined Weak Reference
    _terminate_alloc                          - Undefined Weak Reference
    _terminate_user_alloc                     - Undefined Weak Reference
    _terminateio                              - Undefined Weak Reference
    __Vectors_Size                           0x00000188   Number         0  startup_stm32f407xx.o ABSOLUTE
    __Vectors                                0x08000000   Data           4  startup_stm32f407xx.o(RESET)
    __Vectors_End                            0x08000188   Data           0  startup_stm32f407xx.o(RESET)
    __main                                   0x08000189   Thumb Code     8  __main.o(!!!main)
    __scatterload                            0x08000191   Thumb Code     0  __scatter.o(!!!scatter)
    __scatterload_rt2                        0x08000191   Thumb Code    44  __scatter.o(!!!scatter)
    __scatterload_rt2_thumb_only             0x08000191   Thumb Code     0  __scatter.o(!!!scatter)
    __scatterload_null                       0x0800019f   Thumb Code     0  __scatter.o(!!!scatter)
    __scatterload_copy                       0x080001c5   Thumb Code    26  __scatter_copy.o(!!handler_copy)
    __scatterload_zeroinit                   0x080001e1   Thumb Code    28  __scatter_zi.o(!!handler_zi)
    __rt_lib_init                            0x080001fd   Thumb Code     0  libinit.o(.ARM.Collect$$libinit$$00000000)
    __rt_lib_init_fp_1                       0x080001ff   Thumb Code     0  libinit2.o(.ARM.Collect$$libinit$$00000001)
    __rt_lib_init_alloca_1                   0x08000203   Thumb Code     0  libinit2.o(.ARM.Collect$$libinit$$0000002E)
    __rt_lib_init_argv_1                     0x08000203   Thumb Code     0  libinit2.o(.ARM.Collect$$libinit$$0000002C)
    __rt_lib_init_atexit_1                   0x08000203   Thumb Code     0  libinit2.o(.ARM.Collect$$libinit$$0000001B)
    __rt_lib_init_clock_1                    0x08000203   Thumb Code     0  libinit2.o(.ARM.Collect$$libinit$$00000021)
    __rt_lib_init_cpp_1                      0x08000203   Thumb Code     0  libinit2.o(.ARM.Collect$$libinit$$00000032)
    __rt_lib_init_exceptions_1               0x08000203   Thumb Code     0  libinit2.o(.ARM.Collect$$libinit$$00000030)
    __rt_lib_init_fp_trap_1                  0x08000203   Thumb Code     0  libinit2.o(.ARM.Collect$$libinit$$0000001F)
    __rt_lib_init_getenv_1                   0x08000203   Thumb Code     0  libinit2.o(.ARM.Collect$$libinit$$00000023)
    __rt_lib_init_heap_1                     0x08000203   Thumb Code     0  libinit2.o(.ARM.Collect$$libinit$$0000000A)
    __rt_lib_init_lc_collate_1               0x08000203   Thumb Code     0  libinit2.o(.ARM.Collect$$libinit$$00000011)
    __rt_lib_init_lc_ctype_1                 0x08000203   Thumb Code     0  libinit2.o(.ARM.Collect$$libinit$$00000013)
    __rt_lib_init_lc_monetary_1              0x08000203   Thumb Code     0  libinit2.o(.ARM.Collect$$libinit$$00000015)
    __rt_lib_init_lc_numeric_1               0x08000203   Thumb Code     0  libinit2.o(.ARM.Collect$$libinit$$00000017)
    __rt_lib_init_lc_time_1                  0x08000203   Thumb Code     0  libinit2.o(.ARM.Collect$$libinit$$00000019)
    __rt_lib_init_preinit_1                  0x08000203   Thumb Code     0  libinit2.o(.ARM.Collect$$libinit$$00000004)
    __rt_lib_init_rand_1                     0x08000203   Thumb Code     0  libinit2.o(.ARM.Collect$$libinit$$0000000E)
    __rt_lib_init_return                     0x08000203   Thumb Code     0  libinit2.o(.ARM.Collect$$libinit$$00000033)
    __rt_lib_init_signal_1                   0x08000203   Thumb Code     0  libinit2.o(.ARM.Collect$$libinit$$0000001D)
    __rt_lib_init_stdio_1                    0x08000203   Thumb Code     0  libinit2.o(.ARM.Collect$$libinit$$00000025)
    __rt_lib_init_user_alloc_1               0x08000203   Thumb Code     0  libinit2.o(.ARM.Collect$$libinit$$0000000C)
    __rt_lib_shutdown                        0x08000205   Thumb Code     0  libshutdown.o(.ARM.Collect$$libshutdown$$00000000)
    __rt_lib_shutdown_cpp_1                  0x08000207   Thumb Code     0  libshutdown2.o(.ARM.Collect$$libshutdown$$00000004)
    __rt_lib_shutdown_fini_1                 0x08000207   Thumb Code     0  libshutdown2.o(.ARM.Collect$$libshutdown$$00000002)
    __rt_lib_shutdown_fp_trap_1              0x08000207   Thumb Code     0  libshutdown2.o(.ARM.Collect$$libshutdown$$00000009)
    __rt_lib_shutdown_heap_1                 0x08000207   Thumb Code     0  libshutdown2.o(.ARM.Collect$$libshutdown$$00000011)
    __rt_lib_shutdown_return                 0x08000207   Thumb Code     0  libshutdown2.o(.ARM.Collect$$libshutdown$$00000012)
    __rt_lib_shutdown_signal_1               0x08000207   Thumb Code     0  libshutdown2.o(.ARM.Collect$$libshutdown$$0000000C)
    __rt_lib_shutdown_stdio_1                0x08000207   Thumb Code     0  libshutdown2.o(.ARM.Collect$$libshutdown$$00000006)
    __rt_lib_shutdown_user_alloc_1           0x08000207   Thumb Code     0  libshutdown2.o(.ARM.Collect$$libshutdown$$0000000E)
    __rt_entry                               0x08000209   Thumb Code     0  __rtentry.o(.ARM.Collect$$rtentry$$00000000)
    __rt_entry_presh_1                       0x08000209   Thumb Code     0  __rtentry2.o(.ARM.Collect$$rtentry$$00000002)
    __rt_entry_sh                            0x08000209   Thumb Code     0  __rtentry4.o(.ARM.Collect$$rtentry$$00000004)
    __rt_entry_li                            0x0800020f   Thumb Code     0  __rtentry2.o(.ARM.Collect$$rtentry$$0000000A)
    __rt_entry_postsh_1                      0x0800020f   Thumb Code     0  __rtentry2.o(.ARM.Collect$$rtentry$$00000009)
    __rt_entry_main                          0x08000213   Thumb Code     0  __rtentry2.o(.ARM.Collect$$rtentry$$0000000D)
    __rt_entry_postli_1                      0x08000213   Thumb Code     0  __rtentry2.o(.ARM.Collect$$rtentry$$0000000C)
    __rt_exit                                0x0800021b   Thumb Code     0  rtexit.o(.ARM.Collect$$rtexit$$00000000)
    __rt_exit_ls                             0x0800021d   Thumb Code     0  rtexit2.o(.ARM.Collect$$rtexit$$00000003)
    __rt_exit_prels_1                        0x0800021d   Thumb Code     0  rtexit2.o(.ARM.Collect$$rtexit$$00000002)
    __rt_exit_exit                           0x08000221   Thumb Code     0  rtexit2.o(.ARM.Collect$$rtexit$$00000004)
    Reset_Handler                            0x08000229   Thumb Code     8  startup_stm32f407xx.o(.text)
    ADC_IRQHandler                           0x08000243   Thumb Code     0  startup_stm32f407xx.o(.text)
    CAN1_RX0_IRQHandler                      0x08000243   Thumb Code     0  startup_stm32f407xx.o(.text)
    CAN1_RX1_IRQHandler                      0x08000243   Thumb Code     0  startup_stm32f407xx.o(.text)
    CAN1_SCE_IRQHandler                      0x08000243   Thumb Code     0  startup_stm32f407xx.o(.text)
    CAN1_TX_IRQHandler                       0x08000243   Thumb Code     0  startup_stm32f407xx.o(.text)
    CAN2_RX0_IRQHandler                      0x08000243   Thumb Code     0  startup_stm32f407xx.o(.text)
    CAN2_RX1_IRQHandler                      0x08000243   Thumb Code     0  startup_stm32f407xx.o(.text)
    CAN2_SCE_IRQHandler                      0x08000243   Thumb Code     0  startup_stm32f407xx.o(.text)
    CAN2_TX_IRQHandler                       0x08000243   Thumb Code     0  startup_stm32f407xx.o(.text)
    DCMI_IRQHandler                          0x08000243   Thumb Code     0  startup_stm32f407xx.o(.text)
    DMA1_Stream0_IRQHandler                  0x08000243   Thumb Code     0  startup_stm32f407xx.o(.text)
    DMA1_Stream1_IRQHandler                  0x08000243   Thumb Code     0  startup_stm32f407xx.o(.text)
    DMA1_Stream2_IRQHandler                  0x08000243   Thumb Code     0  startup_stm32f407xx.o(.text)
    DMA1_Stream3_IRQHandler                  0x08000243   Thumb Code     0  startup_stm32f407xx.o(.text)
    DMA1_Stream4_IRQHandler                  0x08000243   Thumb Code     0  startup_stm32f407xx.o(.text)
    DMA1_Stream5_IRQHandler                  0x08000243   Thumb Code     0  startup_stm32f407xx.o(.text)
    DMA1_Stream6_IRQHandler                  0x08000243   Thumb Code     0  startup_stm32f407xx.o(.text)
    DMA1_Stream7_IRQHandler                  0x08000243   Thumb Code     0  startup_stm32f407xx.o(.text)
    DMA2_Stream0_IRQHandler                  0x08000243   Thumb Code     0  startup_stm32f407xx.o(.text)
    DMA2_Stream2_IRQHandler                  0x08000243   Thumb Code     0  startup_stm32f407xx.o(.text)
    DMA2_Stream3_IRQHandler                  0x08000243   Thumb Code     0  startup_stm32f407xx.o(.text)
    DMA2_Stream4_IRQHandler                  0x08000243   Thumb Code     0  startup_stm32f407xx.o(.text)
    DMA2_Stream5_IRQHandler                  0x08000243   Thumb Code     0  startup_stm32f407xx.o(.text)
    DMA2_Stream7_IRQHandler                  0x08000243   Thumb Code     0  startup_stm32f407xx.o(.text)
    ETH_IRQHandler                           0x08000243   Thumb Code     0  startup_stm32f407xx.o(.text)
    ETH_WKUP_IRQHandler                      0x08000243   Thumb Code     0  startup_stm32f407xx.o(.text)
    EXTI0_IRQHandler                         0x08000243   Thumb Code     0  startup_stm32f407xx.o(.text)
    EXTI15_10_IRQHandler                     0x08000243   Thumb Code     0  startup_stm32f407xx.o(.text)
    EXTI1_IRQHandler                         0x08000243   Thumb Code     0  startup_stm32f407xx.o(.text)
    EXTI2_IRQHandler                         0x08000243   Thumb Code     0  startup_stm32f407xx.o(.text)
    EXTI3_IRQHandler                         0x08000243   Thumb Code     0  startup_stm32f407xx.o(.text)
    EXTI4_IRQHandler                         0x08000243   Thumb Code     0  startup_stm32f407xx.o(.text)
    EXTI9_5_IRQHandler                       0x08000243   Thumb Code     0  startup_stm32f407xx.o(.text)
    FLASH_IRQHandler                         0x08000243   Thumb Code     0  startup_stm32f407xx.o(.text)
    FMC_IRQHandler                           0x08000243   Thumb Code     0  startup_stm32f407xx.o(.text)
    FPU_IRQHandler                           0x08000243   Thumb Code     0  startup_stm32f407xx.o(.text)
    HASH_RNG_IRQHandler                      0x08000243   Thumb Code     0  startup_stm32f407xx.o(.text)
    I2C1_ER_IRQHandler                       0x08000243   Thumb Code     0  startup_stm32f407xx.o(.text)
    I2C1_EV_IRQHandler                       0x08000243   Thumb Code     0  startup_stm32f407xx.o(.text)
    I2C2_ER_IRQHandler                       0x08000243   Thumb Code     0  startup_stm32f407xx.o(.text)
    I2C2_EV_IRQHandler                       0x08000243   Thumb Code     0  startup_stm32f407xx.o(.text)
    I2C3_ER_IRQHandler                       0x08000243   Thumb Code     0  startup_stm32f407xx.o(.text)
    I2C3_EV_IRQHandler                       0x08000243   Thumb Code     0  startup_stm32f407xx.o(.text)
    OTG_FS_IRQHandler                        0x08000243   Thumb Code     0  startup_stm32f407xx.o(.text)
    OTG_FS_WKUP_IRQHandler                   0x08000243   Thumb Code     0  startup_stm32f407xx.o(.text)
    OTG_HS_EP1_IN_IRQHandler                 0x08000243   Thumb Code     0  startup_stm32f407xx.o(.text)
    OTG_HS_EP1_OUT_IRQHandler                0x08000243   Thumb Code     0  startup_stm32f407xx.o(.text)
    OTG_HS_IRQHandler                        0x08000243   Thumb Code     0  startup_stm32f407xx.o(.text)
    OTG_HS_WKUP_IRQHandler                   0x08000243   Thumb Code     0  startup_stm32f407xx.o(.text)
    PVD_IRQHandler                           0x08000243   Thumb Code     0  startup_stm32f407xx.o(.text)
    RCC_IRQHandler                           0x08000243   Thumb Code     0  startup_stm32f407xx.o(.text)
    RTC_Alarm_IRQHandler                     0x08000243   Thumb Code     0  startup_stm32f407xx.o(.text)
    RTC_WKUP_IRQHandler                      0x08000243   Thumb Code     0  startup_stm32f407xx.o(.text)
    SDIO_IRQHandler                          0x08000243   Thumb Code     0  startup_stm32f407xx.o(.text)
    SPI1_IRQHandler                          0x08000243   Thumb Code     0  startup_stm32f407xx.o(.text)
    SPI2_IRQHandler                          0x08000243   Thumb Code     0  startup_stm32f407xx.o(.text)
    SPI3_IRQHandler                          0x08000243   Thumb Code     0  startup_stm32f407xx.o(.text)
    TAMP_STAMP_IRQHandler                    0x08000243   Thumb Code     0  startup_stm32f407xx.o(.text)
    TIM1_BRK_TIM9_IRQHandler                 0x08000243   Thumb Code     0  startup_stm32f407xx.o(.text)
    TIM1_TRG_COM_TIM11_IRQHandler            0x08000243   Thumb Code     0  startup_stm32f407xx.o(.text)
    TIM1_UP_TIM10_IRQHandler                 0x08000243   Thumb Code     0  startup_stm32f407xx.o(.text)
    TIM7_IRQHandler                          0x08000243   Thumb Code     0  startup_stm32f407xx.o(.text)
    TIM8_BRK_TIM12_IRQHandler                0x08000243   Thumb Code     0  startup_stm32f407xx.o(.text)
    TIM8_CC_IRQHandler                       0x08000243   Thumb Code     0  startup_stm32f407xx.o(.text)
    TIM8_TRG_COM_TIM14_IRQHandler            0x08000243   Thumb Code     0  startup_stm32f407xx.o(.text)
    TIM8_UP_TIM13_IRQHandler                 0x08000243   Thumb Code     0  startup_stm32f407xx.o(.text)
    UART4_IRQHandler                         0x08000243   Thumb Code     0  startup_stm32f407xx.o(.text)
    UART5_IRQHandler                         0x08000243   Thumb Code     0  startup_stm32f407xx.o(.text)
    USART1_IRQHandler                        0x08000243   Thumb Code     0  startup_stm32f407xx.o(.text)
    USART2_IRQHandler                        0x08000243   Thumb Code     0  startup_stm32f407xx.o(.text)
    USART3_IRQHandler                        0x08000243   Thumb Code     0  startup_stm32f407xx.o(.text)
    WWDG_IRQHandler                          0x08000243   Thumb Code     0  startup_stm32f407xx.o(.text)
    __user_initial_stackheap                 0x08000245   Thumb Code     0  startup_stm32f407xx.o(.text)
    __aeabi_uldivmod                         0x08000269   Thumb Code     0  lludivv7m.o(.text)
    _ll_udiv                                 0x08000269   Thumb Code   238  lludivv7m.o(.text)
    __aeabi_memclr4                          0x08000357   Thumb Code     0  rt_memclr_w.o(.text)
    __aeabi_memclr8                          0x08000357   Thumb Code     0  rt_memclr_w.o(.text)
    __rt_memclr_w                            0x08000357   Thumb Code    78  rt_memclr_w.o(.text)
    _memset_w                                0x0800035b   Thumb Code     0  rt_memclr_w.o(.text)
    __use_two_region_memory                  0x080003a5   Thumb Code     2  heapauxi.o(.text)
    __rt_heap_escrow$2region                 0x080003a7   Thumb Code     2  heapauxi.o(.text)
    __rt_heap_expand$2region                 0x080003a9   Thumb Code     2  heapauxi.o(.text)
    __user_setup_stackheap                   0x080003ab   Thumb Code    74  sys_stackheap_outer.o(.text)
    exit                                     0x080003f5   Thumb Code    18  exit.o(.text)
    __user_libspace                          0x08000409   Thumb Code     8  libspace.o(.text)
    __user_perproc_libspace                  0x08000409   Thumb Code     0  libspace.o(.text)
    __user_perthread_libspace                0x08000409   Thumb Code     0  libspace.o(.text)
    _sys_exit                                0x08000411   Thumb Code     8  sys_exit.o(.text)
    __I$use$semihosting                      0x0800041d   Thumb Code     0  use_no_semi.o(.text)
    __use_no_semihosting_swi                 0x0800041d   Thumb Code     2  use_no_semi.o(.text)
    BusFault_Handler                         0x0800041f   Thumb Code     2  stm32f4xx_it.o(i.BusFault_Handler)
    __semihosting_library_function           0x0800041f   Thumb Code     0  indicate_semi.o(.text)
    DMA2_Stream1_IRQHandler                  0x08000421   Thumb Code     6  stm32f4xx_it.o(i.DMA2_Stream1_IRQHandler)
    DMA2_Stream6_IRQHandler                  0x0800042d   Thumb Code     6  stm32f4xx_it.o(i.DMA2_Stream6_IRQHandler)
    DebugMon_Handler                         0x080004dd   Thumb Code     2  stm32f4xx_it.o(i.DebugMon_Handler)
    Error_Handler                            0x080004df   Thumb Code     4  main.o(i.Error_Handler)
    FuzzyPid_Out                             0x080004e5   Thumb Code   118  fuzzy.o(i.FuzzyPid_Out)
    HAL_DMA_Abort                            0x08000561   Thumb Code   146  stm32f4xx_hal_dma.o(i.HAL_DMA_Abort)
    HAL_DMA_Abort_IT                         0x080005f3   Thumb Code    36  stm32f4xx_hal_dma.o(i.HAL_DMA_Abort_IT)
    HAL_DMA_IRQHandler                       0x08000619   Thumb Code   412  stm32f4xx_hal_dma.o(i.HAL_DMA_IRQHandler)
    HAL_DMA_Init                             0x080007b9   Thumb Code   206  stm32f4xx_hal_dma.o(i.HAL_DMA_Init)
    HAL_DMA_Start_IT                         0x0800088d   Thumb Code   110  stm32f4xx_hal_dma.o(i.HAL_DMA_Start_IT)
    HAL_GPIO_Init                            0x080008fd   Thumb Code   450  stm32f4xx_hal_gpio.o(i.HAL_GPIO_Init)
    HAL_GPIO_WritePin                        0x08000aed   Thumb Code    10  stm32f4xx_hal_gpio.o(i.HAL_GPIO_WritePin)
    HAL_GetTick                              0x08000af9   Thumb Code     6  stm32f4xx_hal.o(i.HAL_GetTick)
    HAL_IncTick                              0x08000b05   Thumb Code    12  stm32f4xx_hal.o(i.HAL_IncTick)
    HAL_Init                                 0x08000b15   Thumb Code    48  stm32f4xx_hal.o(i.HAL_Init)
    HAL_InitTick                             0x08000b49   Thumb Code    54  stm32f4xx_hal.o(i.HAL_InitTick)
    HAL_MspInit                              0x08000b89   Thumb Code    42  stm32f4xx_hal_msp.o(i.HAL_MspInit)
    HAL_NVIC_EnableIRQ                       0x08000bb9   Thumb Code    26  stm32f4xx_hal_cortex.o(i.HAL_NVIC_EnableIRQ)
    HAL_NVIC_SetPriority                     0x08000bd5   Thumb Code    60  stm32f4xx_hal_cortex.o(i.HAL_NVIC_SetPriority)
    HAL_NVIC_SetPriorityGrouping             0x08000c15   Thumb Code    26  stm32f4xx_hal_cortex.o(i.HAL_NVIC_SetPriorityGrouping)
    HAL_RCC_ClockConfig                      0x08000c39   Thumb Code   288  stm32f4xx_hal_rcc.o(i.HAL_RCC_ClockConfig)
    HAL_RCC_GetPCLK1Freq                     0x08000d6d   Thumb Code    20  stm32f4xx_hal_rcc.o(i.HAL_RCC_GetPCLK1Freq)
    HAL_RCC_GetPCLK2Freq                     0x08000d8d   Thumb Code    20  stm32f4xx_hal_rcc.o(i.HAL_RCC_GetPCLK2Freq)
    HAL_RCC_GetSysClockFreq                  0x08000dad   Thumb Code    88  stm32f4xx_hal_rcc.o(i.HAL_RCC_GetSysClockFreq)
    HAL_RCC_OscConfig                        0x08000e0d   Thumb Code   856  stm32f4xx_hal_rcc.o(i.HAL_RCC_OscConfig)
    HAL_SYSTICK_Config                       0x08001179   Thumb Code    40  stm32f4xx_hal_cortex.o(i.HAL_SYSTICK_Config)
    HAL_TIMEx_BreakCallback                  0x080011a1   Thumb Code     2  stm32f4xx_hal_tim_ex.o(i.HAL_TIMEx_BreakCallback)
    HAL_TIMEx_CommutCallback                 0x080011a3   Thumb Code     2  stm32f4xx_hal_tim_ex.o(i.HAL_TIMEx_CommutCallback)
    HAL_TIMEx_ConfigBreakDeadTime            0x080011a5   Thumb Code    84  stm32f4xx_hal_tim_ex.o(i.HAL_TIMEx_ConfigBreakDeadTime)
    HAL_TIMEx_MasterConfigSynchronization    0x080011f9   Thumb Code   116  stm32f4xx_hal_tim_ex.o(i.HAL_TIMEx_MasterConfigSynchronization)
    HAL_TIM_Base_Init                        0x08001289   Thumb Code    90  stm32f4xx_hal_tim.o(i.HAL_TIM_Base_Init)
    HAL_TIM_Base_MspInit                     0x080012e5   Thumb Code   162  tim.o(i.HAL_TIM_Base_MspInit)
    HAL_TIM_Base_Start_IT                    0x0800139d   Thumb Code   100  stm32f4xx_hal_tim.o(i.HAL_TIM_Base_Start_IT)
    HAL_TIM_ConfigClockSource                0x0800141d   Thumb Code   220  stm32f4xx_hal_tim.o(i.HAL_TIM_ConfigClockSource)
    HAL_TIM_Encoder_Init                     0x080014f9   Thumb Code   164  stm32f4xx_hal_tim.o(i.HAL_TIM_Encoder_Init)
    HAL_TIM_Encoder_MspInit                  0x0800159d   Thumb Code   214  tim.o(i.HAL_TIM_Encoder_MspInit)
    HAL_TIM_Encoder_Start                    0x08001685   Thumb Code   142  stm32f4xx_hal_tim.o(i.HAL_TIM_Encoder_Start)
    HAL_TIM_IC_CaptureCallback               0x08001713   Thumb Code     2  stm32f4xx_hal_tim.o(i.HAL_TIM_IC_CaptureCallback)
    HAL_TIM_IRQHandler                       0x08001715   Thumb Code   358  stm32f4xx_hal_tim.o(i.HAL_TIM_IRQHandler)
    HAL_TIM_MspPostInit                      0x0800187d   Thumb Code   154  tim.o(i.HAL_TIM_MspPostInit)
    HAL_TIM_OC_DelayElapsedCallback          0x08001935   Thumb Code     2  stm32f4xx_hal_tim.o(i.HAL_TIM_OC_DelayElapsedCallback)
    HAL_TIM_PWM_ConfigChannel                0x08001937   Thumb Code   204  stm32f4xx_hal_tim.o(i.HAL_TIM_PWM_ConfigChannel)
    HAL_TIM_PWM_Init                         0x08001a03   Thumb Code    90  stm32f4xx_hal_tim.o(i.HAL_TIM_PWM_Init)
    HAL_TIM_PWM_MspInit                      0x08001a5d   Thumb Code     2  stm32f4xx_hal_tim.o(i.HAL_TIM_PWM_MspInit)
    HAL_TIM_PWM_PulseFinishedCallback        0x08001a5f   Thumb Code     2  stm32f4xx_hal_tim.o(i.HAL_TIM_PWM_PulseFinishedCallback)
    HAL_TIM_PWM_Start                        0x08001a61   Thumb Code   172  stm32f4xx_hal_tim.o(i.HAL_TIM_PWM_Start)
    HAL_TIM_PeriodElapsedCallback            0x08001b29   Thumb Code   200  stm32f4xx_it.o(i.HAL_TIM_PeriodElapsedCallback)
    HAL_TIM_TriggerCallback                  0x08001c21   Thumb Code     2  stm32f4xx_hal_tim.o(i.HAL_TIM_TriggerCallback)
    HAL_UARTEx_RxEventCallback               0x08001c23   Thumb Code     2  stm32f4xx_hal_uart.o(i.HAL_UARTEx_RxEventCallback)
    HAL_UART_ErrorCallback                   0x08001c25   Thumb Code     2  stm32f4xx_hal_uart.o(i.HAL_UART_ErrorCallback)
    HAL_UART_IRQHandler                      0x08001c29   Thumb Code   610  stm32f4xx_hal_uart.o(i.HAL_UART_IRQHandler)
    HAL_UART_Init                            0x08001e91   Thumb Code    98  stm32f4xx_hal_uart.o(i.HAL_UART_Init)
    HAL_UART_MspInit                         0x08001ef5   Thumb Code   212  usart.o(i.HAL_UART_MspInit)
    HAL_UART_Receive_DMA                     0x08001fdd   Thumb Code    42  stm32f4xx_hal_uart.o(i.HAL_UART_Receive_DMA)
    HAL_UART_RxCpltCallback                  0x08002007   Thumb Code     2  stm32f4xx_hal_uart.o(i.HAL_UART_RxCpltCallback)
    HAL_UART_RxHalfCpltCallback              0x08002009   Thumb Code     2  stm32f4xx_hal_uart.o(i.HAL_UART_RxHalfCpltCallback)
    HAL_UART_TxCpltCallback                  0x0800200b   Thumb Code     2  stm32f4xx_hal_uart.o(i.HAL_UART_TxCpltCallback)
    HardFault_Handler                        0x0800200d   Thumb Code     2  stm32f4xx_it.o(i.HardFault_Handler)
    MX_DMA_Init                              0x08002011   Thumb Code    56  dma.o(i.MX_DMA_Init)
    MX_GPIO_Init                             0x0800204d   Thumb Code   178  gpio.o(i.MX_GPIO_Init)
    MX_TIM1_Init                             0x0800210d   Thumb Code   208  tim.o(i.MX_TIM1_Init)
    MX_TIM2_Init                             0x080021e5   Thumb Code    96  tim.o(i.MX_TIM2_Init)
    MX_TIM3_Init                             0x08002249   Thumb Code    96  tim.o(i.MX_TIM3_Init)
    MX_TIM4_Init                             0x080022b1   Thumb Code   194  tim.o(i.MX_TIM4_Init)
    MX_TIM5_Init                             0x0800237d   Thumb Code   162  tim.o(i.MX_TIM5_Init)
    MX_TIM6_Init                             0x08002429   Thumb Code    60  tim.o(i.MX_TIM6_Init)
    MX_USART6_UART_Init                      0x0800246d   Thumb Code    66  usart.o(i.MX_USART6_UART_Init)
    MemManage_Handler                        0x080024bd   Thumb Code     2  stm32f4xx_it.o(i.MemManage_Handler)
    NMI_Handler                              0x080024bf   Thumb Code     2  stm32f4xx_it.o(i.NMI_Handler)
    PendSV_Handler                           0x080024c1   Thumb Code     2  stm32f4xx_it.o(i.PendSV_Handler)
    Read_TIM2_Code                           0x080024c3   Thumb Code    14  fuzzy.o(i.Read_TIM2_Code)
    Read_TIM3_Code                           0x080024d1   Thumb Code    12  fuzzy.o(i.Read_TIM3_Code)
    SVC_Handler                              0x080024e1   Thumb Code     2  stm32f4xx_it.o(i.SVC_Handler)
    Servomotor_Init                          0x080024e5   Thumb Code   138  my_pwm.o(i.Servomotor_Init)
    Set_SG90_angle                           0x08002579   Thumb Code   128  my_pwm.o(i.Set_SG90_angle)
    SysTick_Handler                          0x08002601   Thumb Code     4  stm32f4xx_it.o(i.SysTick_Handler)
    SystemClock_Config                       0x08002605   Thumb Code   134  main.o(i.SystemClock_Config)
    SystemInit                               0x08002695   Thumb Code    12  system_stm32f4xx.o(i.SystemInit)
    TIM1_CC_IRQHandler                       0x080026a5   Thumb Code     6  stm32f4xx_it.o(i.TIM1_CC_IRQHandler)
    TIM2_IRQHandler                          0x080026b1   Thumb Code     6  stm32f4xx_it.o(i.TIM2_IRQHandler)
    TIM3_IRQHandler                          0x080026bd   Thumb Code     6  stm32f4xx_it.o(i.TIM3_IRQHandler)
    TIM4_IRQHandler                          0x080026c9   Thumb Code     6  stm32f4xx_it.o(i.TIM4_IRQHandler)
    TIM5_IRQHandler                          0x080026d5   Thumb Code     6  stm32f4xx_it.o(i.TIM5_IRQHandler)
    TIM6_DAC_IRQHandler                      0x080026e1   Thumb Code     6  stm32f4xx_it.o(i.TIM6_DAC_IRQHandler)
    TIM_Base_SetConfig                       0x080026ed   Thumb Code   156  stm32f4xx_hal_tim.o(i.TIM_Base_SetConfig)
    TIM_CCxChannelCmd                        0x080027b5   Thumb Code    26  stm32f4xx_hal_tim.o(i.TIM_CCxChannelCmd)
    TIM_ETR_SetConfig                        0x080027cf   Thumb Code    20  stm32f4xx_hal_tim.o(i.TIM_ETR_SetConfig)
    TIM_OC2_SetConfig                        0x08002855   Thumb Code    98  stm32f4xx_hal_tim.o(i.TIM_OC2_SetConfig)
    UART_Start_Receive_DMA                   0x08002ced   Thumb Code   134  stm32f4xx_hal_uart.o(i.UART_Start_Receive_DMA)
    USART6_IRQHandler                        0x08002d81   Thumb Code   188  stm32f4xx_it.o(i.USART6_IRQHandler)
    UsageFault_Handler                       0x08002e59   Thumb Code     2  stm32f4xx_it.o(i.UsageFault_Handler)
    fuzzy                                    0x08002e7d   Thumb Code   912  fuzzy.o(i.fuzzy)
    main                                     0x08003261   Thumb Code   180  main.o(i.main)
    motor_Fuzzypid_control_L                 0x08003321   Thumb Code   176  fuzzy.o(i.motor_Fuzzypid_control_L)
    motor_Fuzzypid_control_R                 0x080033ed   Thumb Code   176  fuzzy.o(i.motor_Fuzzypid_control_R)
    motor_init                               0x080034b9   Thumb Code    38  fuzzy.o(i.motor_init)
    vision_init                              0x080034ed   Thumb Code    88  stm32f4xx_it.o(i.vision_init)
    vision_rx_decode                         0x08003555   Thumb Code   252  stm32f4xx_it.o(i.vision_rx_decode)
    __aeabi_d2f                              0x08003661   Thumb Code     0  d2f.o(x$fpl$d2f)
    _d2f                                     0x08003661   Thumb Code    98  d2f.o(x$fpl$d2f)
    __aeabi_dadd                             0x080036c5   Thumb Code     0  daddsub_clz.o(x$fpl$dadd)
    _dadd                                    0x080036c5   Thumb Code   332  daddsub_clz.o(x$fpl$dadd)
    __aeabi_ddiv                             0x08003815   Thumb Code     0  ddiv.o(x$fpl$ddiv)
    _ddiv                                    0x08003815   Thumb Code   552  ddiv.o(x$fpl$ddiv)
    __aeabi_d2iz                             0x08003ac5   Thumb Code     0  dfix.o(x$fpl$dfix)
    _dfix                                    0x08003ac5   Thumb Code    94  dfix.o(x$fpl$dfix)
    __aeabi_d2uiz                            0x08003b25   Thumb Code     0  dfixu.o(x$fpl$dfixu)
    _dfixu                                   0x08003b25   Thumb Code    90  dfixu.o(x$fpl$dfixu)
    __aeabi_i2d                              0x08003b7f   Thumb Code     0  dflt_clz.o(x$fpl$dflt)
    _dflt                                    0x08003b7f   Thumb Code    46  dflt_clz.o(x$fpl$dflt)
    __aeabi_ui2d                             0x08003bad   Thumb Code     0  dflt_clz.o(x$fpl$dfltu)
    _dfltu                                   0x08003bad   Thumb Code    38  dflt_clz.o(x$fpl$dfltu)
    __aeabi_dmul                             0x08003bd5   Thumb Code     0  dmul.o(x$fpl$dmul)
    _dmul                                    0x08003bd5   Thumb Code   332  dmul.o(x$fpl$dmul)
    __fpl_dnaninf                            0x08003d29   Thumb Code   156  dnaninf.o(x$fpl$dnaninf)
    __fpl_dretinf                            0x08003dc5   Thumb Code    12  dretinf.o(x$fpl$dretinf)
    __aeabi_dsub                             0x08003dd1   Thumb Code     0  daddsub_clz.o(x$fpl$dsub)
    _dsub                                    0x08003dd1   Thumb Code   464  daddsub_clz.o(x$fpl$dsub)
    __aeabi_f2d                              0x08003fa5   Thumb Code     0  f2d.o(x$fpl$f2d)
    _f2d                                     0x08003fa5   Thumb Code    86  f2d.o(x$fpl$f2d)
    __fpl_fnaninf                            0x08003ffb   Thumb Code   140  fnaninf.o(x$fpl$fnaninf)
    _fp_init                                 0x08004087   Thumb Code    10  fpinit.o(x$fpl$fpinit)
    __fplib_config_fpu_vfp                   0x0800408f   Thumb Code     0  fpinit.o(x$fpl$fpinit)
    __fplib_config_pureend_doubles           0x0800408f   Thumb Code     0  fpinit.o(x$fpl$fpinit)
    __fpl_fretinf                            0x08004091   Thumb Code    10  fretinf.o(x$fpl$fretinf)
    __I$use$fp                               0x0800409a   Number         0  usenofp.o(x$fpl$usenofp)
    AHBPrescTable                            0x080042f0   Data          16  system_stm32f4xx.o(.constdata)
    APBPrescTable                            0x08004300   Data           8  system_stm32f4xx.o(.constdata)
    Region$$Table$$Base                      0x08004308   Number         0  anon$$obj.o(Region$$Table)
    Region$$Table$$Limit                     0x08004328   Number         0  anon$$obj.o(Region$$Table)
    pwmout                                   0x20000000   Data           4  fuzzy.o(.data)
    real_code_R                              0x20000018   Data           4  main.o(.data)
    my_speed_R                               0x2000001c   Data           4  main.o(.data)
    real_code_L                              0x20000020   Data           4  main.o(.data)
    my_speed_L                               0x20000024   Data           4  main.o(.data)
    rx_buffer_used                           0x20000028   Data           3  main.o(.data)
    tar_speed_L                              0x2000002c   Data           4  main.o(.data)
    tar_speed_R                              0x20000030   Data           4  main.o(.data)
    old_speed_L                              0x2000003c   Data           4  stm32f4xx_it.o(.data)
    old_speed_R                              0x20000040   Data           4  stm32f4xx_it.o(.data)
    uwTickFreq                               0x20000044   Data           1  stm32f4xx_hal.o(.data)
    uwTickPrio                               0x20000048   Data           4  stm32f4xx_hal.o(.data)
    uwTick                                   0x2000004c   Data           4  stm32f4xx_hal.o(.data)
    SystemCoreClock                          0x20000050   Data           4  system_stm32f4xx.o(.data)
    rx_buffer                                0x20000054   Data          50  main.o(.bss)
    htim1                                    0x20000088   Data          72  tim.o(.bss)
    htim2                                    0x200000d0   Data          72  tim.o(.bss)
    htim3                                    0x20000118   Data          72  tim.o(.bss)
    htim4                                    0x20000160   Data          72  tim.o(.bss)
    htim5                                    0x200001a8   Data          72  tim.o(.bss)
    htim6                                    0x200001f0   Data          72  tim.o(.bss)
    huart6                                   0x20000238   Data          68  usart.o(.bss)
    hdma_usart6_rx                           0x2000027c   Data          96  usart.o(.bss)
    hdma_usart6_tx                           0x200002dc   Data          96  usart.o(.bss)
    vision_rxfifo                            0x2000033c   Data          24  stm32f4xx_it.o(.bss)
    vision_rx_buf                            0x20000354   Data         116  stm32f4xx_it.o(.bss)
    __libspace_start                         0x200003c8   Data          96  libspace.o(.bss)
    __temporary_stack_top$libspace           0x20000428   Data           0  libspace.o(.bss)



==============================================================================

Memory Map of the image

  Image Entry point : 0x08000189

  Load Region LR_IROM1 (Base: 0x08000000, Size: 0x0000437c, Max: 0x00080000, ABSOLUTE)

    Execution Region ER_IROM1 (Exec base: 0x08000000, Load base: 0x08000000, Size: 0x00004328, Max: 0x00080000, ABSOLUTE)

    Exec Addr    Load Addr    Size         Type   Attr      Idx    E Section Name        Object

    0x08000000   0x08000000   0x00000188   Data   RO            3    RESET               startup_stm32f407xx.o
    0x08000188   0x08000188   0x00000008   Code   RO         3319  * !!!main             c_w.l(__main.o)
    0x08000190   0x08000190   0x00000034   Code   RO         3527    !!!scatter          c_w.l(__scatter.o)
    0x080001c4   0x080001c4   0x0000001a   Code   RO         3529    !!handler_copy      c_w.l(__scatter_copy.o)
    0x080001de   0x080001de   0x00000002   PAD
    0x080001e0   0x080001e0   0x0000001c   Code   RO         3531    !!handler_zi        c_w.l(__scatter_zi.o)
    0x080001fc   0x080001fc   0x00000002   Code   RO         3395    .ARM.Collect$$libinit$$00000000  c_w.l(libinit.o)
    0x080001fe   0x080001fe   0x00000004   Code   RO         3407    .ARM.Collect$$libinit$$00000001  c_w.l(libinit2.o)
    0x08000202   0x08000202   0x00000000   Code   RO         3410    .ARM.Collect$$libinit$$00000004  c_w.l(libinit2.o)
    0x08000202   0x08000202   0x00000000   Code   RO         3413    .ARM.Collect$$libinit$$0000000A  c_w.l(libinit2.o)
    0x08000202   0x08000202   0x00000000   Code   RO         3415    .ARM.Collect$$libinit$$0000000C  c_w.l(libinit2.o)
    0x08000202   0x08000202   0x00000000   Code   RO         3417    .ARM.Collect$$libinit$$0000000E  c_w.l(libinit2.o)
    0x08000202   0x08000202   0x00000000   Code   RO         3420    .ARM.Collect$$libinit$$00000011  c_w.l(libinit2.o)
    0x08000202   0x08000202   0x00000000   Code   RO         3422    .ARM.Collect$$libinit$$00000013  c_w.l(libinit2.o)
    0x08000202   0x08000202   0x00000000   Code   RO         3424    .ARM.Collect$$libinit$$00000015  c_w.l(libinit2.o)
    0x08000202   0x08000202   0x00000000   Code   RO         3426    .ARM.Collect$$libinit$$00000017  c_w.l(libinit2.o)
    0x08000202   0x08000202   0x00000000   Code   RO         3428    .ARM.Collect$$libinit$$00000019  c_w.l(libinit2.o)
    0x08000202   0x08000202   0x00000000   Code   RO         3430    .ARM.Collect$$libinit$$0000001B  c_w.l(libinit2.o)
    0x08000202   0x08000202   0x00000000   Code   RO         3432    .ARM.Collect$$libinit$$0000001D  c_w.l(libinit2.o)
    0x08000202   0x08000202   0x00000000   Code   RO         3434    .ARM.Collect$$libinit$$0000001F  c_w.l(libinit2.o)
    0x08000202   0x08000202   0x00000000   Code   RO         3436    .ARM.Collect$$libinit$$00000021  c_w.l(libinit2.o)
    0x08000202   0x08000202   0x00000000   Code   RO         3438    .ARM.Collect$$libinit$$00000023  c_w.l(libinit2.o)
    0x08000202   0x08000202   0x00000000   Code   RO         3440    .ARM.Collect$$libinit$$00000025  c_w.l(libinit2.o)
    0x08000202   0x08000202   0x00000000   Code   RO         3444    .ARM.Collect$$libinit$$0000002C  c_w.l(libinit2.o)
    0x08000202   0x08000202   0x00000000   Code   RO         3446    .ARM.Collect$$libinit$$0000002E  c_w.l(libinit2.o)
    0x08000202   0x08000202   0x00000000   Code   RO         3448    .ARM.Collect$$libinit$$00000030  c_w.l(libinit2.o)
    0x08000202   0x08000202   0x00000000   Code   RO         3450    .ARM.Collect$$libinit$$00000032  c_w.l(libinit2.o)
    0x08000202   0x08000202   0x00000002   Code   RO         3451    .ARM.Collect$$libinit$$00000033  c_w.l(libinit2.o)
    0x08000204   0x08000204   0x00000002   Code   RO         3482    .ARM.Collect$$libshutdown$$00000000  c_w.l(libshutdown.o)
    0x08000206   0x08000206   0x00000000   Code   RO         3508    .ARM.Collect$$libshutdown$$00000002  c_w.l(libshutdown2.o)
    0x08000206   0x08000206   0x00000000   Code   RO         3510    .ARM.Collect$$libshutdown$$00000004  c_w.l(libshutdown2.o)
    0x08000206   0x08000206   0x00000000   Code   RO         3512    .ARM.Collect$$libshutdown$$00000006  c_w.l(libshutdown2.o)
    0x08000206   0x08000206   0x00000000   Code   RO         3515    .ARM.Collect$$libshutdown$$00000009  c_w.l(libshutdown2.o)
    0x08000206   0x08000206   0x00000000   Code   RO         3518    .ARM.Collect$$libshutdown$$0000000C  c_w.l(libshutdown2.o)
    0x08000206   0x08000206   0x00000000   Code   RO         3520    .ARM.Collect$$libshutdown$$0000000E  c_w.l(libshutdown2.o)
    0x08000206   0x08000206   0x00000000   Code   RO         3523    .ARM.Collect$$libshutdown$$00000011  c_w.l(libshutdown2.o)
    0x08000206   0x08000206   0x00000002   Code   RO         3524    .ARM.Collect$$libshutdown$$00000012  c_w.l(libshutdown2.o)
    0x08000208   0x08000208   0x00000000   Code   RO         3351    .ARM.Collect$$rtentry$$00000000  c_w.l(__rtentry.o)
    0x08000208   0x08000208   0x00000000   Code   RO         3366    .ARM.Collect$$rtentry$$00000002  c_w.l(__rtentry2.o)
    0x08000208   0x08000208   0x00000006   Code   RO         3378    .ARM.Collect$$rtentry$$00000004  c_w.l(__rtentry4.o)
    0x0800020e   0x0800020e   0x00000000   Code   RO         3368    .ARM.Collect$$rtentry$$00000009  c_w.l(__rtentry2.o)
    0x0800020e   0x0800020e   0x00000004   Code   RO         3369    .ARM.Collect$$rtentry$$0000000A  c_w.l(__rtentry2.o)
    0x08000212   0x08000212   0x00000000   Code   RO         3371    .ARM.Collect$$rtentry$$0000000C  c_w.l(__rtentry2.o)
    0x08000212   0x08000212   0x00000008   Code   RO         3372    .ARM.Collect$$rtentry$$0000000D  c_w.l(__rtentry2.o)
    0x0800021a   0x0800021a   0x00000002   Code   RO         3399    .ARM.Collect$$rtexit$$00000000  c_w.l(rtexit.o)
    0x0800021c   0x0800021c   0x00000000   Code   RO         3455    .ARM.Collect$$rtexit$$00000002  c_w.l(rtexit2.o)
    0x0800021c   0x0800021c   0x00000004   Code   RO         3456    .ARM.Collect$$rtexit$$00000003  c_w.l(rtexit2.o)
    0x08000220   0x08000220   0x00000006   Code   RO         3457    .ARM.Collect$$rtexit$$00000004  c_w.l(rtexit2.o)
    0x08000226   0x08000226   0x00000002   PAD
    0x08000228   0x08000228   0x00000040   Code   RO            4    .text               startup_stm32f407xx.o
    0x08000268   0x08000268   0x000000ee   Code   RO         3313    .text               c_w.l(lludivv7m.o)
    0x08000356   0x08000356   0x0000004e   Code   RO         3315    .text               c_w.l(rt_memclr_w.o)
    0x080003a4   0x080003a4   0x00000006   Code   RO         3317    .text               c_w.l(heapauxi.o)
    0x080003aa   0x080003aa   0x0000004a   Code   RO         3382    .text               c_w.l(sys_stackheap_outer.o)
    0x080003f4   0x080003f4   0x00000012   Code   RO         3384    .text               c_w.l(exit.o)
    0x08000406   0x08000406   0x00000002   PAD
    0x08000408   0x08000408   0x00000008   Code   RO         3396    .text               c_w.l(libspace.o)
    0x08000410   0x08000410   0x0000000c   Code   RO         3452    .text               c_w.l(sys_exit.o)
    0x0800041c   0x0800041c   0x00000002   Code   RO         3471    .text               c_w.l(use_no_semi.o)
    0x0800041e   0x0800041e   0x00000000   Code   RO         3473    .text               c_w.l(indicate_semi.o)
    0x0800041e   0x0800041e   0x00000002   Code   RO          587    i.BusFault_Handler  stm32f4xx_it.o
    0x08000420   0x08000420   0x0000000c   Code   RO          588    i.DMA2_Stream1_IRQHandler  stm32f4xx_it.o
    0x0800042c   0x0800042c   0x0000000c   Code   RO          589    i.DMA2_Stream6_IRQHandler  stm32f4xx_it.o
    0x08000438   0x08000438   0x00000028   Code   RO         2246    i.DMA_CalcBaseAndBitshift  stm32f4xx_hal_dma.o
    0x08000460   0x08000460   0x00000054   Code   RO         2247    i.DMA_CheckFifoParam  stm32f4xx_hal_dma.o
    0x080004b4   0x080004b4   0x00000028   Code   RO         2248    i.DMA_SetConfig     stm32f4xx_hal_dma.o
    0x080004dc   0x080004dc   0x00000002   Code   RO          591    i.DebugMon_Handler  stm32f4xx_it.o
    0x080004de   0x080004de   0x00000004   Code   RO          238    i.Error_Handler     main.o
    0x080004e2   0x080004e2   0x00000002   PAD
    0x080004e4   0x080004e4   0x0000007c   Code   RO           15    i.FuzzyPid_Out      fuzzy.o
    0x08000560   0x08000560   0x00000092   Code   RO         2249    i.HAL_DMA_Abort     stm32f4xx_hal_dma.o
    0x080005f2   0x080005f2   0x00000024   Code   RO         2250    i.HAL_DMA_Abort_IT  stm32f4xx_hal_dma.o
    0x08000616   0x08000616   0x00000002   PAD
    0x08000618   0x08000618   0x000001a0   Code   RO         2254    i.HAL_DMA_IRQHandler  stm32f4xx_hal_dma.o
    0x080007b8   0x080007b8   0x000000d4   Code   RO         2255    i.HAL_DMA_Init      stm32f4xx_hal_dma.o
    0x0800088c   0x0800088c   0x0000006e   Code   RO         2259    i.HAL_DMA_Start_IT  stm32f4xx_hal_dma.o
    0x080008fa   0x080008fa   0x00000002   PAD
    0x080008fc   0x080008fc   0x000001f0   Code   RO         2142    i.HAL_GPIO_Init     stm32f4xx_hal_gpio.o
    0x08000aec   0x08000aec   0x0000000a   Code   RO         2146    i.HAL_GPIO_WritePin  stm32f4xx_hal_gpio.o
    0x08000af6   0x08000af6   0x00000002   PAD
    0x08000af8   0x08000af8   0x0000000c   Code   RO         2674    i.HAL_GetTick       stm32f4xx_hal.o
    0x08000b04   0x08000b04   0x00000010   Code   RO         2680    i.HAL_IncTick       stm32f4xx_hal.o
    0x08000b14   0x08000b14   0x00000034   Code   RO         2681    i.HAL_Init          stm32f4xx_hal.o
    0x08000b48   0x08000b48   0x00000040   Code   RO         2682    i.HAL_InitTick      stm32f4xx_hal.o
    0x08000b88   0x08000b88   0x00000030   Code   RO          751    i.HAL_MspInit       stm32f4xx_hal_msp.o
    0x08000bb8   0x08000bb8   0x0000001a   Code   RO         2531    i.HAL_NVIC_EnableIRQ  stm32f4xx_hal_cortex.o
    0x08000bd2   0x08000bd2   0x00000002   PAD
    0x08000bd4   0x08000bd4   0x00000040   Code   RO         2537    i.HAL_NVIC_SetPriority  stm32f4xx_hal_cortex.o
    0x08000c14   0x08000c14   0x00000024   Code   RO         2538    i.HAL_NVIC_SetPriorityGrouping  stm32f4xx_hal_cortex.o
    0x08000c38   0x08000c38   0x00000134   Code   RO         1788    i.HAL_RCC_ClockConfig  stm32f4xx_hal_rcc.o
    0x08000d6c   0x08000d6c   0x00000020   Code   RO         1795    i.HAL_RCC_GetPCLK1Freq  stm32f4xx_hal_rcc.o
    0x08000d8c   0x08000d8c   0x00000020   Code   RO         1796    i.HAL_RCC_GetPCLK2Freq  stm32f4xx_hal_rcc.o
    0x08000dac   0x08000dac   0x00000060   Code   RO         1797    i.HAL_RCC_GetSysClockFreq  stm32f4xx_hal_rcc.o
    0x08000e0c   0x08000e0c   0x0000036c   Code   RO         1800    i.HAL_RCC_OscConfig  stm32f4xx_hal_rcc.o
    0x08001178   0x08001178   0x00000028   Code   RO         2542    i.HAL_SYSTICK_Config  stm32f4xx_hal_cortex.o
    0x080011a0   0x080011a0   0x00000002   Code   RO         1520    i.HAL_TIMEx_BreakCallback  stm32f4xx_hal_tim_ex.o
    0x080011a2   0x080011a2   0x00000002   Code   RO         1521    i.HAL_TIMEx_CommutCallback  stm32f4xx_hal_tim_ex.o
    0x080011a4   0x080011a4   0x00000054   Code   RO         1523    i.HAL_TIMEx_ConfigBreakDeadTime  stm32f4xx_hal_tim_ex.o
    0x080011f8   0x080011f8   0x00000090   Code   RO         1539    i.HAL_TIMEx_MasterConfigSynchronization  stm32f4xx_hal_tim_ex.o
    0x08001288   0x08001288   0x0000005a   Code   RO          816    i.HAL_TIM_Base_Init  stm32f4xx_hal_tim.o
    0x080012e2   0x080012e2   0x00000002   PAD
    0x080012e4   0x080012e4   0x000000b8   Code   RO          455    i.HAL_TIM_Base_MspInit  tim.o
    0x0800139c   0x0800139c   0x00000080   Code   RO          821    i.HAL_TIM_Base_Start_IT  stm32f4xx_hal_tim.o
    0x0800141c   0x0800141c   0x000000dc   Code   RO          825    i.HAL_TIM_ConfigClockSource  stm32f4xx_hal_tim.o
    0x080014f8   0x080014f8   0x000000a4   Code   RO          837    i.HAL_TIM_Encoder_Init  stm32f4xx_hal_tim.o
    0x0800159c   0x0800159c   0x000000e8   Code   RO          457    i.HAL_TIM_Encoder_MspInit  tim.o
    0x08001684   0x08001684   0x0000008e   Code   RO          840    i.HAL_TIM_Encoder_Start  stm32f4xx_hal_tim.o
    0x08001712   0x08001712   0x00000002   Code   RO          850    i.HAL_TIM_IC_CaptureCallback  stm32f4xx_hal_tim.o
    0x08001714   0x08001714   0x00000166   Code   RO          864    i.HAL_TIM_IRQHandler  stm32f4xx_hal_tim.o
    0x0800187a   0x0800187a   0x00000002   PAD
    0x0800187c   0x0800187c   0x000000b8   Code   RO          458    i.HAL_TIM_MspPostInit  tim.o
    0x08001934   0x08001934   0x00000002   Code   RO          867    i.HAL_TIM_OC_DelayElapsedCallback  stm32f4xx_hal_tim.o
    0x08001936   0x08001936   0x000000cc   Code   RO          888    i.HAL_TIM_PWM_ConfigChannel  stm32f4xx_hal_tim.o
    0x08001a02   0x08001a02   0x0000005a   Code   RO          891    i.HAL_TIM_PWM_Init  stm32f4xx_hal_tim.o
    0x08001a5c   0x08001a5c   0x00000002   Code   RO          893    i.HAL_TIM_PWM_MspInit  stm32f4xx_hal_tim.o
    0x08001a5e   0x08001a5e   0x00000002   Code   RO          894    i.HAL_TIM_PWM_PulseFinishedCallback  stm32f4xx_hal_tim.o
    0x08001a60   0x08001a60   0x000000c8   Code   RO          896    i.HAL_TIM_PWM_Start  stm32f4xx_hal_tim.o
    0x08001b28   0x08001b28   0x000000f8   Code   RO          592    i.HAL_TIM_PeriodElapsedCallback  stm32f4xx_it.o
    0x08001c20   0x08001c20   0x00000002   Code   RO          907    i.HAL_TIM_TriggerCallback  stm32f4xx_hal_tim.o
    0x08001c22   0x08001c22   0x00000002   Code   RO         2930    i.HAL_UARTEx_RxEventCallback  stm32f4xx_hal_uart.o
    0x08001c24   0x08001c24   0x00000002   Code   RO         2944    i.HAL_UART_ErrorCallback  stm32f4xx_hal_uart.o
    0x08001c26   0x08001c26   0x00000002   PAD
    0x08001c28   0x08001c28   0x00000268   Code   RO         2947    i.HAL_UART_IRQHandler  stm32f4xx_hal_uart.o
    0x08001e90   0x08001e90   0x00000062   Code   RO         2948    i.HAL_UART_Init     stm32f4xx_hal_uart.o
    0x08001ef2   0x08001ef2   0x00000002   PAD
    0x08001ef4   0x08001ef4   0x000000e8   Code   RO          545    i.HAL_UART_MspInit  usart.o
    0x08001fdc   0x08001fdc   0x0000002a   Code   RO         2952    i.HAL_UART_Receive_DMA  stm32f4xx_hal_uart.o
    0x08002006   0x08002006   0x00000002   Code   RO         2954    i.HAL_UART_RxCpltCallback  stm32f4xx_hal_uart.o
    0x08002008   0x08002008   0x00000002   Code   RO         2955    i.HAL_UART_RxHalfCpltCallback  stm32f4xx_hal_uart.o
    0x0800200a   0x0800200a   0x00000002   Code   RO         2959    i.HAL_UART_TxCpltCallback  stm32f4xx_hal_uart.o
    0x0800200c   0x0800200c   0x00000002   Code   RO          593    i.HardFault_Handler  stm32f4xx_it.o
    0x0800200e   0x0800200e   0x00000002   PAD
    0x08002010   0x08002010   0x0000003c   Code   RO          427    i.MX_DMA_Init       dma.o
    0x0800204c   0x0800204c   0x000000c0   Code   RO          310    i.MX_GPIO_Init      gpio.o
    0x0800210c   0x0800210c   0x000000d8   Code   RO          459    i.MX_TIM1_Init      tim.o
    0x080021e4   0x080021e4   0x00000064   Code   RO          460    i.MX_TIM2_Init      tim.o
    0x08002248   0x08002248   0x00000068   Code   RO          461    i.MX_TIM3_Init      tim.o
    0x080022b0   0x080022b0   0x000000cc   Code   RO          462    i.MX_TIM4_Init      tim.o
    0x0800237c   0x0800237c   0x000000ac   Code   RO          463    i.MX_TIM5_Init      tim.o
    0x08002428   0x08002428   0x00000044   Code   RO          464    i.MX_TIM6_Init      tim.o
    0x0800246c   0x0800246c   0x00000050   Code   RO          546    i.MX_USART6_UART_Init  usart.o
    0x080024bc   0x080024bc   0x00000002   Code   RO          594    i.MemManage_Handler  stm32f4xx_it.o
    0x080024be   0x080024be   0x00000002   Code   RO          595    i.NMI_Handler       stm32f4xx_it.o
    0x080024c0   0x080024c0   0x00000002   Code   RO          596    i.PendSV_Handler    stm32f4xx_it.o
    0x080024c2   0x080024c2   0x0000000e   Code   RO           16    i.Read_TIM2_Code    fuzzy.o
    0x080024d0   0x080024d0   0x00000010   Code   RO           17    i.Read_TIM3_Code    fuzzy.o
    0x080024e0   0x080024e0   0x00000002   Code   RO          598    i.SVC_Handler       stm32f4xx_it.o
    0x080024e2   0x080024e2   0x00000002   PAD
    0x080024e4   0x080024e4   0x00000094   Code   RO          205    i.Servomotor_Init   my_pwm.o
    0x08002578   0x08002578   0x00000088   Code   RO          206    i.Set_SG90_angle    my_pwm.o
    0x08002600   0x08002600   0x00000004   Code   RO          599    i.SysTick_Handler   stm32f4xx_it.o
    0x08002604   0x08002604   0x00000090   Code   RO          239    i.SystemClock_Config  main.o
    0x08002694   0x08002694   0x00000010   Code   RO         3277    i.SystemInit        system_stm32f4xx.o
    0x080026a4   0x080026a4   0x0000000c   Code   RO          600    i.TIM1_CC_IRQHandler  stm32f4xx_it.o
    0x080026b0   0x080026b0   0x0000000c   Code   RO          601    i.TIM2_IRQHandler   stm32f4xx_it.o
    0x080026bc   0x080026bc   0x0000000c   Code   RO          602    i.TIM3_IRQHandler   stm32f4xx_it.o
    0x080026c8   0x080026c8   0x0000000c   Code   RO          603    i.TIM4_IRQHandler   stm32f4xx_it.o
    0x080026d4   0x080026d4   0x0000000c   Code   RO          604    i.TIM5_IRQHandler   stm32f4xx_it.o
    0x080026e0   0x080026e0   0x0000000c   Code   RO          605    i.TIM6_DAC_IRQHandler  stm32f4xx_it.o
    0x080026ec   0x080026ec   0x000000c8   Code   RO          909    i.TIM_Base_SetConfig  stm32f4xx_hal_tim.o
    0x080027b4   0x080027b4   0x0000001a   Code   RO          910    i.TIM_CCxChannelCmd  stm32f4xx_hal_tim.o
    0x080027ce   0x080027ce   0x00000014   Code   RO          920    i.TIM_ETR_SetConfig  stm32f4xx_hal_tim.o
    0x080027e2   0x080027e2   0x00000010   Code   RO          921    i.TIM_ITRx_SetConfig  stm32f4xx_hal_tim.o
    0x080027f2   0x080027f2   0x00000002   PAD
    0x080027f4   0x080027f4   0x00000060   Code   RO          922    i.TIM_OC1_SetConfig  stm32f4xx_hal_tim.o
    0x08002854   0x08002854   0x0000006c   Code   RO          923    i.TIM_OC2_SetConfig  stm32f4xx_hal_tim.o
    0x080028c0   0x080028c0   0x00000068   Code   RO          924    i.TIM_OC3_SetConfig  stm32f4xx_hal_tim.o
    0x08002928   0x08002928   0x00000050   Code   RO          925    i.TIM_OC4_SetConfig  stm32f4xx_hal_tim.o
    0x08002978   0x08002978   0x00000022   Code   RO          927    i.TIM_TI1_ConfigInputStage  stm32f4xx_hal_tim.o
    0x0800299a   0x0800299a   0x00000024   Code   RO          929    i.TIM_TI2_ConfigInputStage  stm32f4xx_hal_tim.o
    0x080029be   0x080029be   0x00000010   Code   RO         2961    i.UART_DMAAbortOnError  stm32f4xx_hal_uart.o
    0x080029ce   0x080029ce   0x0000004a   Code   RO         2962    i.UART_DMAError     stm32f4xx_hal_uart.o
    0x08002a18   0x08002a18   0x00000082   Code   RO         2963    i.UART_DMAReceiveCplt  stm32f4xx_hal_uart.o
    0x08002a9a   0x08002a9a   0x0000001a   Code   RO         2965    i.UART_DMARxHalfCplt  stm32f4xx_hal_uart.o
    0x08002ab4   0x08002ab4   0x0000004e   Code   RO         2971    i.UART_EndRxTransfer  stm32f4xx_hal_uart.o
    0x08002b02   0x08002b02   0x0000001c   Code   RO         2972    i.UART_EndTxTransfer  stm32f4xx_hal_uart.o
    0x08002b1e   0x08002b1e   0x000000c0   Code   RO         2973    i.UART_Receive_IT   stm32f4xx_hal_uart.o
    0x08002bde   0x08002bde   0x00000002   PAD
    0x08002be0   0x08002be0   0x0000010c   Code   RO         2974    i.UART_SetConfig    stm32f4xx_hal_uart.o
    0x08002cec   0x08002cec   0x00000094   Code   RO         2975    i.UART_Start_Receive_DMA  stm32f4xx_hal_uart.o
    0x08002d80   0x08002d80   0x000000d8   Code   RO          606    i.USART6_IRQHandler  stm32f4xx_it.o
    0x08002e58   0x08002e58   0x00000002   Code   RO          607    i.UsageFault_Handler  stm32f4xx_it.o
    0x08002e5a   0x08002e5a   0x00000020   Code   RO         2544    i.__NVIC_SetPriority  stm32f4xx_hal_cortex.o
    0x08002e7a   0x08002e7a   0x00000002   PAD
    0x08002e7c   0x08002e7c   0x000003e4   Code   RO           18    i.fuzzy             fuzzy.o
    0x08003260   0x08003260   0x000000c0   Code   RO          240    i.main              main.o
    0x08003320   0x08003320   0x000000cc   Code   RO           19    i.motor_Fuzzypid_control_L  fuzzy.o
    0x080033ec   0x080033ec   0x000000cc   Code   RO           20    i.motor_Fuzzypid_control_R  fuzzy.o
    0x080034b8   0x080034b8   0x00000034   Code   RO           21    i.motor_init        fuzzy.o
    0x080034ec   0x080034ec   0x00000068   Code   RO          608    i.vision_init       stm32f4xx_it.o
    0x08003554   0x08003554   0x0000010c   Code   RO          609    i.vision_rx_decode  stm32f4xx_it.o
    0x08003660   0x08003660   0x00000062   Code   RO         3321    x$fpl$d2f           fz_wm.l(d2f.o)
    0x080036c2   0x080036c2   0x00000002   PAD
    0x080036c4   0x080036c4   0x00000150   Code   RO         3323    x$fpl$dadd          fz_wm.l(daddsub_clz.o)
    0x08003814   0x08003814   0x000002b0   Code   RO         3330    x$fpl$ddiv          fz_wm.l(ddiv.o)
    0x08003ac4   0x08003ac4   0x0000005e   Code   RO         3333    x$fpl$dfix          fz_wm.l(dfix.o)
    0x08003b22   0x08003b22   0x00000002   PAD
    0x08003b24   0x08003b24   0x0000005a   Code   RO         3337    x$fpl$dfixu         fz_wm.l(dfixu.o)
    0x08003b7e   0x08003b7e   0x0000002e   Code   RO         3342    x$fpl$dflt          fz_wm.l(dflt_clz.o)
    0x08003bac   0x08003bac   0x00000026   Code   RO         3341    x$fpl$dfltu         fz_wm.l(dflt_clz.o)
    0x08003bd2   0x08003bd2   0x00000002   PAD
    0x08003bd4   0x08003bd4   0x00000154   Code   RO         3347    x$fpl$dmul          fz_wm.l(dmul.o)
    0x08003d28   0x08003d28   0x0000009c   Code   RO         3356    x$fpl$dnaninf       fz_wm.l(dnaninf.o)
    0x08003dc4   0x08003dc4   0x0000000c   Code   RO         3358    x$fpl$dretinf       fz_wm.l(dretinf.o)
    0x08003dd0   0x08003dd0   0x000001d4   Code   RO         3325    x$fpl$dsub          fz_wm.l(daddsub_clz.o)
    0x08003fa4   0x08003fa4   0x00000056   Code   RO         3349    x$fpl$f2d           fz_wm.l(f2d.o)
    0x08003ffa   0x08003ffa   0x0000008c   Code   RO         3360    x$fpl$fnaninf       fz_wm.l(fnaninf.o)
    0x08004086   0x08004086   0x0000000a   Code   RO         3467    x$fpl$fpinit        fz_wm.l(fpinit.o)
    0x08004090   0x08004090   0x0000000a   Code   RO         3362    x$fpl$fretinf       fz_wm.l(fretinf.o)
    0x0800409a   0x0800409a   0x00000000   Code   RO         3364    x$fpl$usenofp       fz_wm.l(usenofp.o)
    0x0800409a   0x0800409a   0x00000002   PAD
    0x0800409c   0x0800409c   0x0000024c   Data   RO           22    .constdata          fuzzy.o
    0x080042e8   0x080042e8   0x00000008   Data   RO         2261    .constdata          stm32f4xx_hal_dma.o
    0x080042f0   0x080042f0   0x00000010   Data   RO         3278    .constdata          system_stm32f4xx.o
    0x08004300   0x08004300   0x00000008   Data   RO         3279    .constdata          system_stm32f4xx.o
    0x08004308   0x08004308   0x00000020   Data   RO         3525    Region$$Table       anon$$obj.o


    Execution Region RW_IRAM1 (Exec base: 0x20000000, Load base: 0x08004328, Size: 0x00000a28, Max: 0x0001c000, ABSOLUTE)

    Exec Addr    Load Addr    Size         Type   Attr      Idx    E Section Name        Object

    0x20000000   0x08004328   0x00000018   Data   RW           23    .data               fuzzy.o
    0x20000018   0x08004340   0x00000004   Data   RW          242    .data               main.o
    0x2000001c   0x08004344   0x00000004   Data   RW          243    .data               main.o
    0x20000020   0x08004348   0x00000004   Data   RW          244    .data               main.o
    0x20000024   0x0800434c   0x00000004   Data   RW          245    .data               main.o
    0x20000028   0x08004350   0x0000000c   Data   RW          249    .data               main.o
    0x20000034   0x0800435c   0x00000010   Data   RW          611    .data               stm32f4xx_it.o
    0x20000044   0x0800436c   0x0000000c   Data   RW         2688    .data               stm32f4xx_hal.o
    0x20000050   0x08004378   0x00000004   Data   RW         3280    .data               system_stm32f4xx.o
    0x20000054        -       0x00000032   Zero   RW          241    .bss                main.o
    0x20000086   0x0800437c   0x00000002   PAD
    0x20000088        -       0x000001b0   Zero   RW          465    .bss                tim.o
    0x20000238        -       0x00000104   Zero   RW          547    .bss                usart.o
    0x2000033c        -       0x0000008c   Zero   RW          610    .bss                stm32f4xx_it.o
    0x200003c8        -       0x00000060   Zero   RW         3397    .bss                c_w.l(libspace.o)
    0x20000428        -       0x00000200   Zero   RW            2    HEAP                startup_stm32f407xx.o
    0x20000628        -       0x00000400   Zero   RW            1    STACK               startup_stm32f407xx.o


    Execution Region RW_IRAM2 (Exec base: 0x2001c000, Load base: 0x0800437c, Size: 0x00000000, Max: 0x00004000, ABSOLUTE)

    **** No section assigned to this execution region ****


==============================================================================

Image component sizes


      Code (inc. data)   RO Data    RW Data    ZI Data      Debug   Object Name

        60          4          0          0          0        854   dma.o
      1610        164        588         24          0     689661   fuzzy.o
       192         14          0          0          0     687055   gpio.o
       340         22          0         28         50       3535   main.o
       284         18          0          0          0       1811   my_pwm.o
        64         26        392          0       1536        880   startup_stm32f407xx.o
       144         24          0         12          0       9025   stm32f4xx_hal.o
       198         14          0          0          0      34163   stm32f4xx_hal_cortex.o
      1084         16          8          0          0       7670   stm32f4xx_hal_dma.o
       506         46          0          0          0       2300   stm32f4xx_hal_gpio.o
        48          6          0          0          0        926   stm32f4xx_hal_msp.o
      1344         72          0          0          0       5456   stm32f4xx_hal_rcc.o
      2326        136          0          0          0      19757   stm32f4xx_hal_tim.o
       232         28          0          0          0       3453   stm32f4xx_hal_tim_ex.o
      1726         30          0          0          0      13718   stm32f4xx_hal_uart.o
       952        156          0         16        140      13470   stm32f4xx_it.o
        16          4         24          4          0       1235   system_stm32f4xx.o
      1464        118          0          0        432       7395   tim.o
       312         34          0          0        260       2165   usart.o

    ----------------------------------------------------------------------
     12930        932       1044         84       2420    1504529   Object Totals
         0          0         32          0          0          0   (incl. Generated)
        28          0          0          0          2          0   (incl. Padding)

    ----------------------------------------------------------------------

      Code (inc. data)   RO Data    RW Data    ZI Data      Debug   Library Member Name

         8          0          0          0          0         68   __main.o
         0          0          0          0          0          0   __rtentry.o
        12          0          0          0          0          0   __rtentry2.o
         6          0          0          0          0          0   __rtentry4.o
        52          8          0          0          0          0   __scatter.o
        26          0          0          0          0          0   __scatter_copy.o
        28          0          0          0          0          0   __scatter_zi.o
        18          0          0          0          0         80   exit.o
         6          0          0          0          0        152   heapauxi.o
         0          0          0          0          0          0   indicate_semi.o
         2          0          0          0          0          0   libinit.o
         6          0          0          0          0          0   libinit2.o
         2          0          0          0          0          0   libshutdown.o
         2          0          0          0          0          0   libshutdown2.o
         8          4          0          0         96         68   libspace.o
       238          0          0          0          0        100   lludivv7m.o
        78          0          0          0          0         80   rt_memclr_w.o
         2          0          0          0          0          0   rtexit.o
        10          0          0          0          0          0   rtexit2.o
        12          4          0          0          0         68   sys_exit.o
        74          0          0          0          0         80   sys_stackheap_outer.o
         2          0          0          0          0         68   use_no_semi.o
        98          4          0          0          0        140   d2f.o
       804         16          0          0          0        368   daddsub_clz.o
       688        140          0          0          0        256   ddiv.o
        94          4          0          0          0        140   dfix.o
        90          4          0          0          0        140   dfixu.o
        84          0          0          0          0        232   dflt_clz.o
       340         12          0          0          0        152   dmul.o
       156          4          0          0          0        140   dnaninf.o
        12          0          0          0          0        116   dretinf.o
        86          4          0          0          0        132   f2d.o
       140          4          0          0          0        132   fnaninf.o
        10          0          0          0          0        116   fpinit.o
        10          0          0          0          0        116   fretinf.o
         0          0          0          0          0          0   usenofp.o

    ----------------------------------------------------------------------
      3218        208          0          0         96       2944   Library Totals
        14          0          0          0          0          0   (incl. Padding)

    ----------------------------------------------------------------------

      Code (inc. data)   RO Data    RW Data    ZI Data      Debug   Library Name

       592         16          0          0         96        764   c_w.l
      2612        192          0          0          0       2180   fz_wm.l

    ----------------------------------------------------------------------
      3218        208          0          0         96       2944   Library Totals

    ----------------------------------------------------------------------

==============================================================================


      Code (inc. data)   RO Data    RW Data    ZI Data      Debug   

     16148       1140       1044         84       2516    1494913   Grand Totals
     16148       1140       1044         84       2516    1494913   ELF Image Totals
     16148       1140       1044         84          0          0   ROM Totals

==============================================================================

    Total RO  Size (Code + RO Data)                17192 (  16.79kB)
    Total RW  Size (RW Data + ZI Data)              2600 (   2.54kB)
    Total ROM Size (Code + RO Data + RW Data)      17276 (  16.87kB)

==============================================================================

